Archive member included to satisfy reference by file (symbol)

/home/gonzalo/CubeIdeST/plugins/com.st.stm32cube.ide.mcu.externaltools.gnu-tools-for-stm32.7-2018-q2-update.linux64_1.0.0.201904181610/tools/bin/../lib/gcc/arm-none-eabi/7.3.1/../../../../arm-none-eabi/lib/thumb/v7-m/libc_nano.a(lib_a-errno.o)
                              Core/Src/syscalls.o (__errno)
/home/gonzalo/CubeIdeST/plugins/com.st.stm32cube.ide.mcu.externaltools.gnu-tools-for-stm32.7-2018-q2-update.linux64_1.0.0.201904181610/tools/bin/../lib/gcc/arm-none-eabi/7.3.1/../../../../arm-none-eabi/lib/thumb/v7-m/libc_nano.a(lib_a-exit.o)
                              /home/gonzalo/CubeIdeST/plugins/com.st.stm32cube.ide.mcu.externaltools.gnu-tools-for-stm32.7-2018-q2-update.linux64_1.0.0.201904181610/tools/bin/../lib/gcc/arm-none-eabi/7.3.1/../../../../arm-none-eabi/lib/thumb/v7-m/crt0.o (exit)
/home/gonzalo/CubeIdeST/plugins/com.st.stm32cube.ide.mcu.externaltools.gnu-tools-for-stm32.7-2018-q2-update.linux64_1.0.0.201904181610/tools/bin/../lib/gcc/arm-none-eabi/7.3.1/../../../../arm-none-eabi/lib/thumb/v7-m/libc_nano.a(lib_a-impure.o)
                              /home/gonzalo/CubeIdeST/plugins/com.st.stm32cube.ide.mcu.externaltools.gnu-tools-for-stm32.7-2018-q2-update.linux64_1.0.0.201904181610/tools/bin/../lib/gcc/arm-none-eabi/7.3.1/../../../../arm-none-eabi/lib/thumb/v7-m/libc_nano.a(lib_a-exit.o) (_global_impure_ptr)
/home/gonzalo/CubeIdeST/plugins/com.st.stm32cube.ide.mcu.externaltools.gnu-tools-for-stm32.7-2018-q2-update.linux64_1.0.0.201904181610/tools/bin/../lib/gcc/arm-none-eabi/7.3.1/../../../../arm-none-eabi/lib/thumb/v7-m/libc_nano.a(lib_a-init.o)
                              /home/gonzalo/CubeIdeST/plugins/com.st.stm32cube.ide.mcu.externaltools.gnu-tools-for-stm32.7-2018-q2-update.linux64_1.0.0.201904181610/tools/bin/../lib/gcc/arm-none-eabi/7.3.1/../../../../arm-none-eabi/lib/thumb/v7-m/crt0.o (__libc_init_array)
/home/gonzalo/CubeIdeST/plugins/com.st.stm32cube.ide.mcu.externaltools.gnu-tools-for-stm32.7-2018-q2-update.linux64_1.0.0.201904181610/tools/bin/../lib/gcc/arm-none-eabi/7.3.1/../../../../arm-none-eabi/lib/thumb/v7-m/libc_nano.a(lib_a-memset.o)
                              /home/gonzalo/CubeIdeST/plugins/com.st.stm32cube.ide.mcu.externaltools.gnu-tools-for-stm32.7-2018-q2-update.linux64_1.0.0.201904181610/tools/bin/../lib/gcc/arm-none-eabi/7.3.1/../../../../arm-none-eabi/lib/thumb/v7-m/crt0.o (memset)

Allocating common symbols
Common symbol       size              file

bufferADC1          0x10              Core/Src/PuertosData.o
bufferUARTin        0x3               Core/Src/PuertosData.o
packedDataIndex     0x1               Core/Src/PuertosData.o
hadc2               0x30              Core/Src/adc.o
hi2c1               0x54              Core/Src/i2c.o
ModIn0Counter       0x1               Core/Src/PuertosData.o
outData             0x1               Core/Src/PuertosData.o
bufferUARTout       0x4               Core/Src/PuertosData.o
uwTick              0x4               Drivers/STM32F1xx_HAL_Driver/Src/stm32f1xx_hal.o
pFlash              0x20              Drivers/STM32F1xx_HAL_Driver/Src/stm32f1xx_hal_flash.o
inData              0x1               Core/Src/PuertosData.o
htim3               0x40              Core/Src/tim.o
sumADC2             0x4               Core/Src/PuertosData.o
moduleAddr          0x1               Core/Src/PuertosData.o
hadc1               0x30              Core/Src/adc.o
samp                0x1               Core/Src/PuertosData.o
ModIn1Counter       0x1               Core/Src/PuertosData.o
ModIn2Counter       0x1               Core/Src/PuertosData.o
huart1              0x40              Core/Src/usart.o
bufferADC2          0x10              Core/Src/PuertosData.o
DACData             0x2               Core/Src/PuertosData.o
packedDataOut       0x8               Core/Src/PuertosData.o
sumADC1             0x4               Core/Src/PuertosData.o

Discarded input sections

 .text          0x0000000000000000        0x0 /home/gonzalo/CubeIdeST/plugins/com.st.stm32cube.ide.mcu.externaltools.gnu-tools-for-stm32.7-2018-q2-update.linux64_1.0.0.201904181610/tools/bin/../lib/gcc/arm-none-eabi/7.3.1/thumb/v7-m/crti.o
 .data          0x0000000000000000        0x0 /home/gonzalo/CubeIdeST/plugins/com.st.stm32cube.ide.mcu.externaltools.gnu-tools-for-stm32.7-2018-q2-update.linux64_1.0.0.201904181610/tools/bin/../lib/gcc/arm-none-eabi/7.3.1/thumb/v7-m/crti.o
 .bss           0x0000000000000000        0x0 /home/gonzalo/CubeIdeST/plugins/com.st.stm32cube.ide.mcu.externaltools.gnu-tools-for-stm32.7-2018-q2-update.linux64_1.0.0.201904181610/tools/bin/../lib/gcc/arm-none-eabi/7.3.1/thumb/v7-m/crti.o
 .data          0x0000000000000000        0x4 /home/gonzalo/CubeIdeST/plugins/com.st.stm32cube.ide.mcu.externaltools.gnu-tools-for-stm32.7-2018-q2-update.linux64_1.0.0.201904181610/tools/bin/../lib/gcc/arm-none-eabi/7.3.1/thumb/v7-m/crtbegin.o
[...]
Memory Configuration

Name             Origin             Length             Attributes
RAM              0x0000000020000000 0x0000000000005000 xrw
FLASH            0x0000000008000000 0x0000000000010000 xr
*default*        0x0000000000000000 0xffffffffffffffff

Linker script and memory map

LOAD /home/gonzalo/CubeIdeST/plugins/com.st.stm32cube.ide.mcu.externaltools.gnu-tools-for-stm32.7-2018-q2-update.linux64_1.0.0.201904181610/tools/bin/../lib/gcc/arm-none-eabi/7.3.1/thumb/v7-m/crti.o
LOAD /home/gonzalo/CubeIdeST/plugins/com.st.stm32cube.ide.mcu.externaltools.gnu-tools-for-stm32.7-2018-q2-update.linux64_1.0.0.201904181610/tools/bin/../lib/gcc/arm-none-eabi/7.3.1/thumb/v7-m/crtbegin.o
LOAD /home/gonzalo/CubeIdeST/plugins/com.st.stm32cube.ide.mcu.externaltools.gnu-tools-for-stm32.7-2018-q2-update.linux64_1.0.0.201904181610/tools/bin/../lib/gcc/arm-none-eabi/7.3.1/../../../../arm-none-eabi/lib/thumb/v7-m/crt0.o
LOAD Core/Src/PuertosData.o
LOAD Core/Src/adc.o
LOAD Core/Src/gpio.o
LOAD Core/Src/i2c.o
LOAD Core/Src/main.o
LOAD Core/Src/stm32f1xx_hal_msp.o
LOAD Core/Src/stm32f1xx_it.o
LOAD Core/Src/syscalls.o
LOAD Core/Src/sysmem.o
LOAD Core/Src/system_stm32f1xx.o
LOAD Core/Src/tim.o
LOAD Core/Src/usart.o
LOAD Core/Startup/startup_stm32f103c8tx.o
LOAD Drivers/STM32F1xx_HAL_Driver/Src/stm32f1xx_hal.o
LOAD Drivers/STM32F1xx_HAL_Driver/Src/stm32f1xx_hal_adc.o
LOAD Drivers/STM32F1xx_HAL_Driver/Src/stm32f1xx_hal_adc_ex.o
LOAD Drivers/STM32F1xx_HAL_Driver/Src/stm32f1xx_hal_cortex.o
LOAD Drivers/STM32F1xx_HAL_Driver/Src/stm32f1xx_hal_dma.o
LOAD Drivers/STM32F1xx_HAL_Driver/Src/stm32f1xx_hal_exti.o
LOAD Drivers/STM32F1xx_HAL_Driver/Src/stm32f1xx_hal_flash.o
LOAD Drivers/STM32F1xx_HAL_Driver/Src/stm32f1xx_hal_flash_ex.o
LOAD Drivers/STM32F1xx_HAL_Driver/Src/stm32f1xx_hal_gpio.o
LOAD Drivers/STM32F1xx_HAL_Driver/Src/stm32f1xx_hal_gpio_ex.o
LOAD Drivers/STM32F1xx_HAL_Driver/Src/stm32f1xx_hal_i2c.o
LOAD Drivers/STM32F1xx_HAL_Driver/Src/stm32f1xx_hal_pwr.o
LOAD Drivers/STM32F1xx_HAL_Driver/Src/stm32f1xx_hal_rcc.o
LOAD Drivers/STM32F1xx_HAL_Driver/Src/stm32f1xx_hal_rcc_ex.o
LOAD Drivers/STM32F1xx_HAL_Driver/Src/stm32f1xx_hal_tim.o
LOAD Drivers/STM32F1xx_HAL_Driver/Src/stm32f1xx_hal_tim_ex.o
LOAD Drivers/STM32F1xx_HAL_Driver/Src/stm32f1xx_hal_uart.o
START GROUP
LOAD /home/gonzalo/CubeIdeST/plugins/com.st.stm32cube.ide.mcu.externaltools.gnu-tools-for-stm32.7-2018-q2-update.linux64_1.0.0.201904181610/tools/bin/../lib/gcc/arm-none-eabi/7.3.1/../../../../arm-none-eabi/lib/thumb/v7-m/libc_nano.a
LOAD /home/gonzalo/CubeIdeST/plugins/com.st.stm32cube.ide.mcu.externaltools.gnu-tools-for-stm32.7-2018-q2-update.linux64_1.0.0.201904181610/tools/bin/../lib/gcc/arm-none-eabi/7.3.1/../../../../arm-none-eabi/lib/thumb/v7-m/libm.a
END GROUP
START GROUP
LOAD /home/gonzalo/CubeIdeST/plugins/com.st.stm32cube.ide.mcu.externaltools.gnu-tools-for-stm32.7-2018-q2-update.linux64_1.0.0.201904181610/tools/bin/../lib/gcc/arm-none-eabi/7.3.1/thumb/v7-m/libgcc.a
LOAD /home/gonzalo/CubeIdeST/plugins/com.st.stm32cube.ide.mcu.externaltools.gnu-tools-for-stm32.7-2018-q2-update.linux64_1.0.0.201904181610/tools/bin/../lib/gcc/arm-none-eabi/7.3.1/../../../../arm-none-eabi/lib/thumb/v7-m/libc_nano.a
END GROUP
START GROUP
LOAD /home/gonzalo/CubeIdeST/plugins/com.st.stm32cube.ide.mcu.externaltools.gnu-tools-for-stm32.7-2018-q2-update.linux64_1.0.0.201904181610/tools/bin/../lib/gcc/arm-none-eabi/7.3.1/thumb/v7-m/libgcc.a
LOAD /home/gonzalo/CubeIdeST/plugins/com.st.stm32cube.ide.mcu.externaltools.gnu-tools-for-stm32.7-2018-q2-update.linux64_1.0.0.201904181610/tools/bin/../lib/gcc/arm-none-eabi/7.3.1/../../../../arm-none-eabi/lib/thumb/v7-m/libc_nano.a
LOAD /home/gonzalo/CubeIdeST/plugins/com.st.stm32cube.ide.mcu.externaltools.gnu-tools-for-stm32.7-2018-q2-update.linux64_1.0.0.201904181610/tools/bin/../lib/gcc/arm-none-eabi/7.3.1/../../../../arm-none-eabi/lib/thumb/v7-m/libnosys.a
END GROUP
START GROUP
LOAD /home/gonzalo/CubeIdeST/plugins/com.st.stm32cube.ide.mcu.externaltools.gnu-tools-for-stm32.7-2018-q2-update.linux64_1.0.0.201904181610/tools/bin/../lib/gcc/arm-none-eabi/7.3.1/thumb/v7-m/libgcc.a
LOAD /home/gonzalo/CubeIdeST/plugins/com.st.stm32cube.ide.mcu.externaltools.gnu-tools-for-stm32.7-2018-q2-update.linux64_1.0.0.201904181610/tools/bin/../lib/gcc/arm-none-eabi/7.3.1/../../../../arm-none-eabi/lib/thumb/v7-m/libc_nano.a
LOAD /home/gonzalo/CubeIdeST/plugins/com.st.stm32cube.ide.mcu.externaltools.gnu-tools-for-stm32.7-2018-q2-update.linux64_1.0.0.201904181610/tools/bin/../lib/gcc/arm-none-eabi/7.3.1/../../../../arm-none-eabi/lib/thumb/v7-m/libnosys.a
END GROUP
LOAD /home/gonzalo/CubeIdeST/plugins/com.st.stm32cube.ide.mcu.externaltools.gnu-tools-for-stm32.7-2018-q2-update.linux64_1.0.0.201904181610/tools/bin/../lib/gcc/arm-none-eabi/7.3.1/thumb/v7-m/crtend.o
LOAD /home/gonzalo/CubeIdeST/plugins/com.st.stm32cube.ide.mcu.externaltools.gnu-tools-for-stm32.7-2018-q2-update.linux64_1.0.0.201904181610/tools/bin/../lib/gcc/arm-none-eabi/7.3.1/thumb/v7-m/crtn.o
                0x0000000020005000                _estack = (ORIGIN (RAM) + LENGTH (RAM))
                0x0000000000000200                _Min_Heap_Size = 0x200
                0x0000000000000400                _Min_Stack_Size = 0x400

.isr_vector     0x0000000008000000      0x10c
                0x0000000008000000                . = ALIGN (0x4)
 *(.isr_vector)
 .isr_vector    0x0000000008000000      0x10c Core/Startup/startup_stm32f103c8tx.o
                0x0000000008000000                g_pfnVectors
                0x000000000800010c                . = ALIGN (0x4)

.text           0x000000000800010c     0x632c
                0x000000000800010c                . = ALIGN (0x4)
 *(.text)
 .text          0x000000000800010c       0x40 /home/gonzalo/CubeIdeST/plugins/com.st.stm32cube.ide.mcu.externaltools.gnu-tools-for-stm32.7-2018-q2-update.linux64_1.0.0.201904181610/tools/bin/../lib/gcc/arm-none-eabi/7.3.1/thumb/v7-m/crtbegin.o
 *(.text*)
 .text.MX_ADC1_Init
                0x000000000800014c       0x7c Core/Src/adc.o
                0x000000000800014c                MX_ADC1_Init
 .text.MX_ADC2_Init
                0x00000000080001c8       0x7c Core/Src/adc.o
                0x00000000080001c8                MX_ADC2_Init
 .text.HAL_ADC_MspInit
                0x0000000008000244       0xcc Core/Src/adc.o
                0x0000000008000244                HAL_ADC_MspInit
 .text.MX_GPIO_Init
                0x0000000008000310      0x11c Core/Src/gpio.o
                0x0000000008000310                MX_GPIO_Init
 .text.MX_I2C1_Init
                0x000000000800042c       0x5c Core/Src/i2c.o
                0x000000000800042c                MX_I2C1_Init
 .text.HAL_I2C_MspInit
                0x0000000008000488       0x8c Core/Src/i2c.o
                0x0000000008000488                HAL_I2C_MspInit
 .text.main     0x0000000008000514      0x288 Core/Src/main.o
                0x0000000008000514                main
 .text.SystemClock_Config
                0x000000000800079c       0xae Core/Src/main.o
                0x000000000800079c                SystemClock_Config
 .text.Error_Handler
                0x000000000800084a        0xc Core/Src/main.o
                0x000000000800084a                Error_Handler
 .text.assert_failed
                0x0000000008000856       0x14 Core/Src/main.o
                0x0000000008000856                assert_failed
 *fill*         0x000000000800086a        0x2 
 .text.HAL_MspInit
                0x000000000800086c       0x64 Core/Src/stm32f1xx_hal_msp.o
                0x000000000800086c                HAL_MspInit
 .text.NMI_Handler
                0x00000000080008d0        0xc Core/Src/stm32f1xx_it.o
                0x00000000080008d0                NMI_Handler
 .text.HardFault_Handler
                0x00000000080008dc        0x6 Core/Src/stm32f1xx_it.o
                0x00000000080008dc                HardFault_Handler
 .text.MemManage_Handler
                0x00000000080008e2        0x6 Core/Src/stm32f1xx_it.o
                0x00000000080008e2                MemManage_Handler
 .text.BusFault_Handler
                0x00000000080008e8        0x6 Core/Src/stm32f1xx_it.o
                0x00000000080008e8                BusFault_Handler
 .text.UsageFault_Handler
                0x00000000080008ee        0x6 Core/Src/stm32f1xx_it.o
                0x00000000080008ee                UsageFault_Handler
 .text.SVC_Handler
                0x00000000080008f4        0xc Core/Src/stm32f1xx_it.o
                0x00000000080008f4                SVC_Handler
 .text.DebugMon_Handler
                0x0000000008000900        0xc Core/Src/stm32f1xx_it.o
                0x0000000008000900                DebugMon_Handler
 .text.PendSV_Handler
                0x000000000800090c        0xc Core/Src/stm32f1xx_it.o
                0x000000000800090c                PendSV_Handler
 .text.SysTick_Handler
                0x0000000008000918        0xc Core/Src/stm32f1xx_it.o
                0x0000000008000918                SysTick_Handler
 .text.TIM3_IRQHandler
                0x0000000008000924       0x14 Core/Src/stm32f1xx_it.o
                0x0000000008000924                TIM3_IRQHandler
 .text.I2C1_EV_IRQHandler
                0x0000000008000938       0x14 Core/Src/stm32f1xx_it.o
                0x0000000008000938                I2C1_EV_IRQHandler
 .text.USART1_IRQHandler
                0x000000000800094c       0x14 Core/Src/stm32f1xx_it.o
                0x000000000800094c                USART1_IRQHandler
 .text.SystemInit
                0x0000000008000960       0x68 Core/Src/system_stm32f1xx.o
                0x0000000008000960                SystemInit
 .text.MX_TIM3_Init
                0x00000000080009c8       0x9c Core/Src/tim.o
                0x00000000080009c8                MX_TIM3_Init
 .text.HAL_TIM_Base_MspInit
                0x0000000008000a64       0x4c Core/Src/tim.o
                0x0000000008000a64                HAL_TIM_Base_MspInit
 .text.HAL_TIM_PeriodElapsedCallback
                0x0000000008000ab0      0x308 Core/Src/tim.o
                0x0000000008000ab0                HAL_TIM_PeriodElapsedCallback
 .text.MX_USART1_UART_Init
                0x0000000008000db8       0x54 Core/Src/usart.o
                0x0000000008000db8                MX_USART1_UART_Init
 .text.HAL_UART_MspInit
                0x0000000008000e0c       0xa8 Core/Src/usart.o
                0x0000000008000e0c                HAL_UART_MspInit
 .text.HAL_UART_RxCpltCallback
                0x0000000008000eb4      0x140 Core/Src/usart.o
                0x0000000008000eb4                HAL_UART_RxCpltCallback
 .text.Reset_Handler
                0x0000000008000ff4       0x48 Core/Startup/startup_stm32f103c8tx.o
                0x0000000008000ff4                Reset_Handler
 .text.Default_Handler
                0x000000000800103c        0x2 Core/Startup/startup_stm32f103c8tx.o
                0x000000000800103c                RTC_Alarm_IRQHandler
                0x000000000800103c                EXTI2_IRQHandler
                0x000000000800103c                TIM1_CC_IRQHandler
                0x000000000800103c                PVD_IRQHandler
                0x000000000800103c                EXTI3_IRQHandler
                0x000000000800103c                EXTI0_IRQHandler
                0x000000000800103c                I2C2_EV_IRQHandler
                0x000000000800103c                ADC1_2_IRQHandler
                0x000000000800103c                SPI1_IRQHandler
                0x000000000800103c                TAMPER_IRQHandler
                0x000000000800103c                DMA1_Channel4_IRQHandler
                0x000000000800103c                USART3_IRQHandler
                0x000000000800103c                RTC_IRQHandler
                0x000000000800103c                DMA1_Channel7_IRQHandler
                0x000000000800103c                CAN1_RX1_IRQHandler
                0x000000000800103c                TIM4_IRQHandler
                0x000000000800103c                DMA1_Channel6_IRQHandler
                0x000000000800103c                RCC_IRQHandler
                0x000000000800103c                TIM1_TRG_COM_IRQHandler
                0x000000000800103c                DMA1_Channel1_IRQHandler
                0x000000000800103c                Default_Handler
                0x000000000800103c                EXTI15_10_IRQHandler
                0x000000000800103c                EXTI9_5_IRQHandler
                0x000000000800103c                SPI2_IRQHandler
                0x000000000800103c                DMA1_Channel5_IRQHandler
                0x000000000800103c                EXTI4_IRQHandler
                0x000000000800103c                USB_LP_CAN1_RX0_IRQHandler
                0x000000000800103c                USB_HP_CAN1_TX_IRQHandler
                0x000000000800103c                DMA1_Channel3_IRQHandler
                0x000000000800103c                TIM1_UP_IRQHandler
                0x000000000800103c                WWDG_IRQHandler
                0x000000000800103c                TIM2_IRQHandler
                0x000000000800103c                TIM1_BRK_IRQHandler
                0x000000000800103c                EXTI1_IRQHandler
                0x000000000800103c                USART2_IRQHandler
                0x000000000800103c                I2C2_ER_IRQHandler
                0x000000000800103c                DMA1_Channel2_IRQHandler
                0x000000000800103c                CAN1_SCE_IRQHandler
                0x000000000800103c                FLASH_IRQHandler
                0x000000000800103c                I2C1_ER_IRQHandler
                0x000000000800103c                USBWakeUp_IRQHandler
 *fill*         0x000000000800103e        0x2 
 .text.HAL_Init
                0x0000000008001040       0x2c Drivers/STM32F1xx_HAL_Driver/Src/stm32f1xx_hal.o
                0x0000000008001040                HAL_Init
 .text.HAL_InitTick
                0x000000000800106c       0x60 Drivers/STM32F1xx_HAL_Driver/Src/stm32f1xx_hal.o
                0x000000000800106c                HAL_InitTick
 .text.HAL_IncTick
                0x00000000080010cc       0x24 Drivers/STM32F1xx_HAL_Driver/Src/stm32f1xx_hal.o
                0x00000000080010cc                HAL_IncTick
 .text.HAL_GetTick
                0x00000000080010f0       0x14 Drivers/STM32F1xx_HAL_Driver/Src/stm32f1xx_hal.o
                0x00000000080010f0                HAL_GetTick
 .text.HAL_ADC_Init
                0x0000000008001104      0x2d4 Drivers/STM32F1xx_HAL_Driver/Src/stm32f1xx_hal_adc.o
                0x0000000008001104                HAL_ADC_Init
 .text.HAL_ADC_Start
                0x00000000080013d8      0x180 Drivers/STM32F1xx_HAL_Driver/Src/stm32f1xx_hal_adc.o
                0x00000000080013d8                HAL_ADC_Start
 .text.HAL_ADC_PollForConversion
                0x0000000008001558      0x220 Drivers/STM32F1xx_HAL_Driver/Src/stm32f1xx_hal_adc.o
                0x0000000008001558                HAL_ADC_PollForConversion
 .text.HAL_ADC_GetValue
                0x0000000008001778       0x40 Drivers/STM32F1xx_HAL_Driver/Src/stm32f1xx_hal_adc.o
                0x0000000008001778                HAL_ADC_GetValue
 .text.HAL_ADC_ConfigChannel
                0x00000000080017b8      0x388 Drivers/STM32F1xx_HAL_Driver/Src/stm32f1xx_hal_adc.o
                0x00000000080017b8                HAL_ADC_ConfigChannel
 .text.ADC_Enable
                0x0000000008001b40       0xa4 Drivers/STM32F1xx_HAL_Driver/Src/stm32f1xx_hal_adc.o
                0x0000000008001b40                ADC_Enable
 .text.ADC_ConversionStop_Disable
                0x0000000008001be4       0x74 Drivers/STM32F1xx_HAL_Driver/Src/stm32f1xx_hal_adc.o
                0x0000000008001be4                ADC_ConversionStop_Disable
 .text.__NVIC_SetPriorityGrouping
                0x0000000008001c58       0x48 Drivers/STM32F1xx_HAL_Driver/Src/stm32f1xx_hal_cortex.o
 .text.__NVIC_GetPriorityGrouping
                0x0000000008001ca0       0x1c Drivers/STM32F1xx_HAL_Driver/Src/stm32f1xx_hal_cortex.o
 .text.__NVIC_EnableIRQ
                0x0000000008001cbc       0x38 Drivers/STM32F1xx_HAL_Driver/Src/stm32f1xx_hal_cortex.o
 .text.__NVIC_SetPriority
                0x0000000008001cf4       0x54 Drivers/STM32F1xx_HAL_Driver/Src/stm32f1xx_hal_cortex.o
 .text.NVIC_EncodePriority
                0x0000000008001d48       0x64 Drivers/STM32F1xx_HAL_Driver/Src/stm32f1xx_hal_cortex.o
 .text.SysTick_Config
                0x0000000008001dac       0x44 Drivers/STM32F1xx_HAL_Driver/Src/stm32f1xx_hal_cortex.o
 .text.HAL_NVIC_SetPriorityGrouping
                0x0000000008001df0       0x40 Drivers/STM32F1xx_HAL_Driver/Src/stm32f1xx_hal_cortex.o
                0x0000000008001df0                HAL_NVIC_SetPriorityGrouping
 .text.HAL_NVIC_SetPriority
                0x0000000008001e30       0x58 Drivers/STM32F1xx_HAL_Driver/Src/stm32f1xx_hal_cortex.o
                0x0000000008001e30                HAL_NVIC_SetPriority
 .text.HAL_NVIC_EnableIRQ
                0x0000000008001e88       0x30 Drivers/STM32F1xx_HAL_Driver/Src/stm32f1xx_hal_cortex.o
                0x0000000008001e88                HAL_NVIC_EnableIRQ
 .text.HAL_SYSTICK_Config
                0x0000000008001eb8       0x18 Drivers/STM32F1xx_HAL_Driver/Src/stm32f1xx_hal_cortex.o
                0x0000000008001eb8                HAL_SYSTICK_Config
 .text.HAL_DMA_Abort_IT
                0x0000000008001ed0       0xec Drivers/STM32F1xx_HAL_Driver/Src/stm32f1xx_hal_dma.o
                0x0000000008001ed0                HAL_DMA_Abort_IT
 .text.HAL_DMA_GetState
                0x0000000008001fbc       0x18 Drivers/STM32F1xx_HAL_Driver/Src/stm32f1xx_hal_dma.o
                0x0000000008001fbc                HAL_DMA_GetState
 .text.HAL_GPIO_Init
                0x0000000008001fd4      0x474 Drivers/STM32F1xx_HAL_Driver/Src/stm32f1xx_hal_gpio.o
                0x0000000008001fd4                HAL_GPIO_Init
 .text.HAL_GPIO_ReadPin
                0x0000000008002448       0x4c Drivers/STM32F1xx_HAL_Driver/Src/stm32f1xx_hal_gpio.o
                0x0000000008002448                HAL_GPIO_ReadPin
 .text.HAL_GPIO_WritePin
                0x0000000008002494       0x64 Drivers/STM32F1xx_HAL_Driver/Src/stm32f1xx_hal_gpio.o
                0x0000000008002494                HAL_GPIO_WritePin
 .text.HAL_GPIO_TogglePin
                0x00000000080024f8       0x4c Drivers/STM32F1xx_HAL_Driver/Src/stm32f1xx_hal_gpio.o
                0x00000000080024f8                HAL_GPIO_TogglePin
 .text.HAL_I2C_Init
                0x0000000008002544      0x354 Drivers/STM32F1xx_HAL_Driver/Src/stm32f1xx_hal_i2c.o
                0x0000000008002544                HAL_I2C_Init
 .text.HAL_I2C_Master_Transmit_IT
                0x0000000008002898      0x148 Drivers/STM32F1xx_HAL_Driver/Src/stm32f1xx_hal_i2c.o
                0x0000000008002898                HAL_I2C_Master_Transmit_IT
 .text.HAL_I2C_EV_IRQHandler
                0x00000000080029e0      0x2cc Drivers/STM32F1xx_HAL_Driver/Src/stm32f1xx_hal_i2c.o
                0x00000000080029e0                HAL_I2C_EV_IRQHandler
 .text.HAL_I2C_MasterTxCpltCallback
                0x0000000008002cac       0x12 Drivers/STM32F1xx_HAL_Driver/Src/stm32f1xx_hal_i2c.o
                0x0000000008002cac                HAL_I2C_MasterTxCpltCallback
 .text.HAL_I2C_MasterRxCpltCallback
                0x0000000008002cbe       0x12 Drivers/STM32F1xx_HAL_Driver/Src/stm32f1xx_hal_i2c.o
                0x0000000008002cbe                HAL_I2C_MasterRxCpltCallback
 .text.HAL_I2C_SlaveTxCpltCallback
                0x0000000008002cd0       0x12 Drivers/STM32F1xx_HAL_Driver/Src/stm32f1xx_hal_i2c.o
                0x0000000008002cd0                HAL_I2C_SlaveTxCpltCallback
 .text.HAL_I2C_SlaveRxCpltCallback
                0x0000000008002ce2       0x12 Drivers/STM32F1xx_HAL_Driver/Src/stm32f1xx_hal_i2c.o
                0x0000000008002ce2                HAL_I2C_SlaveRxCpltCallback
 .text.HAL_I2C_AddrCallback
                0x0000000008002cf4       0x1a Drivers/STM32F1xx_HAL_Driver/Src/stm32f1xx_hal_i2c.o
                0x0000000008002cf4                HAL_I2C_AddrCallback
 .text.HAL_I2C_ListenCpltCallback
                0x0000000008002d0e       0x12 Drivers/STM32F1xx_HAL_Driver/Src/stm32f1xx_hal_i2c.o
                0x0000000008002d0e                HAL_I2C_ListenCpltCallback
 .text.HAL_I2C_MemTxCpltCallback
                0x0000000008002d20       0x12 Drivers/STM32F1xx_HAL_Driver/Src/stm32f1xx_hal_i2c.o
                0x0000000008002d20                HAL_I2C_MemTxCpltCallback
 .text.HAL_I2C_MemRxCpltCallback
                0x0000000008002d32       0x12 Drivers/STM32F1xx_HAL_Driver/Src/stm32f1xx_hal_i2c.o
                0x0000000008002d32                HAL_I2C_MemRxCpltCallback
 .text.HAL_I2C_ErrorCallback
                0x0000000008002d44       0x12 Drivers/STM32F1xx_HAL_Driver/Src/stm32f1xx_hal_i2c.o
                0x0000000008002d44                HAL_I2C_ErrorCallback
 .text.HAL_I2C_AbortCpltCallback
                0x0000000008002d56       0x12 Drivers/STM32F1xx_HAL_Driver/Src/stm32f1xx_hal_i2c.o
                0x0000000008002d56                HAL_I2C_AbortCpltCallback
 .text.I2C_MasterTransmit_TXE
                0x0000000008002d68      0x1f0 Drivers/STM32F1xx_HAL_Driver/Src/stm32f1xx_hal_i2c.o
 .text.I2C_MasterTransmit_BTF
                0x0000000008002f58       0xec Drivers/STM32F1xx_HAL_Driver/Src/stm32f1xx_hal_i2c.o
 .text.I2C_MasterReceive_RXNE
                0x0000000008003044      0x104 Drivers/STM32F1xx_HAL_Driver/Src/stm32f1xx_hal_i2c.o
 .text.I2C_MasterReceive_BTF
                0x0000000008003148      0x1d4 Drivers/STM32F1xx_HAL_Driver/Src/stm32f1xx_hal_i2c.o
 .text.I2C_Master_SB
                0x000000000800331c      0x10a Drivers/STM32F1xx_HAL_Driver/Src/stm32f1xx_hal_i2c.o
 .text.I2C_Master_ADD10
                0x0000000008003426       0x52 Drivers/STM32F1xx_HAL_Driver/Src/stm32f1xx_hal_i2c.o
 .text.I2C_Master_ADDR
                0x0000000008003478      0x336 Drivers/STM32F1xx_HAL_Driver/Src/stm32f1xx_hal_i2c.o
 .text.I2C_SlaveTransmit_TXE
                0x00000000080037ae       0x7a Drivers/STM32F1xx_HAL_Driver/Src/stm32f1xx_hal_i2c.o
 .text.I2C_SlaveTransmit_BTF
                0x0000000008003828       0x40 Drivers/STM32F1xx_HAL_Driver/Src/stm32f1xx_hal_i2c.o
 .text.I2C_SlaveReceive_RXNE
                0x0000000008003868       0x7c Drivers/STM32F1xx_HAL_Driver/Src/stm32f1xx_hal_i2c.o
 .text.I2C_SlaveReceive_BTF
                0x00000000080038e4       0x42 Drivers/STM32F1xx_HAL_Driver/Src/stm32f1xx_hal_i2c.o
 .text.I2C_Slave_ADDR
                0x0000000008003926       0x88 Drivers/STM32F1xx_HAL_Driver/Src/stm32f1xx_hal_i2c.o
 *fill*         0x00000000080039ae        0x2 
 .text.I2C_Slave_STOPF
                0x00000000080039b0      0x260 Drivers/STM32F1xx_HAL_Driver/Src/stm32f1xx_hal_i2c.o
 .text.I2C_ITError
                0x0000000008003c10      0x22c Drivers/STM32F1xx_HAL_Driver/Src/stm32f1xx_hal_i2c.o
 .text.I2C_DMAAbort
                0x0000000008003e3c       0xde Drivers/STM32F1xx_HAL_Driver/Src/stm32f1xx_hal_i2c.o
 .text.I2C_ConvertOtherXferOptions
                0x0000000008003f1a       0x34 Drivers/STM32F1xx_HAL_Driver/Src/stm32f1xx_hal_i2c.o
 *fill*         0x0000000008003f4e        0x2 
 .text.HAL_RCC_OscConfig
                0x0000000008003f50      0x6e0 Drivers/STM32F1xx_HAL_Driver/Src/stm32f1xx_hal_rcc.o
                0x0000000008003f50                HAL_RCC_OscConfig
 .text.HAL_RCC_ClockConfig
                0x0000000008004630      0x320 Drivers/STM32F1xx_HAL_Driver/Src/stm32f1xx_hal_rcc.o
                0x0000000008004630                HAL_RCC_ClockConfig
 .text.HAL_RCC_GetSysClockFreq
                0x0000000008004950       0xc4 Drivers/STM32F1xx_HAL_Driver/Src/stm32f1xx_hal_rcc.o
                0x0000000008004950                HAL_RCC_GetSysClockFreq
 .text.HAL_RCC_GetHCLKFreq
                0x0000000008004a14       0x14 Drivers/STM32F1xx_HAL_Driver/Src/stm32f1xx_hal_rcc.o
                0x0000000008004a14                HAL_RCC_GetHCLKFreq
 .text.HAL_RCC_GetPCLK1Freq
                0x0000000008004a28       0x28 Drivers/STM32F1xx_HAL_Driver/Src/stm32f1xx_hal_rcc.o
                0x0000000008004a28                HAL_RCC_GetPCLK1Freq
 .text.HAL_RCC_GetPCLK2Freq
                0x0000000008004a50       0x28 Drivers/STM32F1xx_HAL_Driver/Src/stm32f1xx_hal_rcc.o
                0x0000000008004a50                HAL_RCC_GetPCLK2Freq
 .text.RCC_Delay
                0x0000000008004a78       0x3c Drivers/STM32F1xx_HAL_Driver/Src/stm32f1xx_hal_rcc.o
 .text.HAL_RCCEx_PeriphCLKConfig
                0x0000000008004ab4      0x214 Drivers/STM32F1xx_HAL_Driver/Src/stm32f1xx_hal_rcc_ex.o
                0x0000000008004ab4                HAL_RCCEx_PeriphCLKConfig
 .text.HAL_RCCEx_GetPeriphCLKFreq
                0x0000000008004cc8      0x1a4 Drivers/STM32F1xx_HAL_Driver/Src/stm32f1xx_hal_rcc_ex.o
                0x0000000008004cc8                HAL_RCCEx_GetPeriphCLKFreq
 .text.HAL_TIM_Base_Init
                0x0000000008004e6c      0x10c Drivers/STM32F1xx_HAL_Driver/Src/stm32f1xx_hal_tim.o
                0x0000000008004e6c                HAL_TIM_Base_Init
 .text.HAL_TIM_Base_Start_IT
                0x0000000008004f78       0x88 Drivers/STM32F1xx_HAL_Driver/Src/stm32f1xx_hal_tim.o
                0x0000000008004f78                HAL_TIM_Base_Start_IT
 .text.HAL_TIM_IRQHandler
                0x0000000008005000      0x210 Drivers/STM32F1xx_HAL_Driver/Src/stm32f1xx_hal_tim.o
                0x0000000008005000                HAL_TIM_IRQHandler
 .text.HAL_TIM_ConfigClockSource
                0x0000000008005210      0x524 Drivers/STM32F1xx_HAL_Driver/Src/stm32f1xx_hal_tim.o
                0x0000000008005210                HAL_TIM_ConfigClockSource
 .text.HAL_TIM_OC_DelayElapsedCallback
                0x0000000008005734       0x12 Drivers/STM32F1xx_HAL_Driver/Src/stm32f1xx_hal_tim.o
                0x0000000008005734                HAL_TIM_OC_DelayElapsedCallback
 .text.HAL_TIM_IC_CaptureCallback
                0x0000000008005746       0x12 Drivers/STM32F1xx_HAL_Driver/Src/stm32f1xx_hal_tim.o
                0x0000000008005746                HAL_TIM_IC_CaptureCallback
 .text.HAL_TIM_PWM_PulseFinishedCallback
                0x0000000008005758       0x12 Drivers/STM32F1xx_HAL_Driver/Src/stm32f1xx_hal_tim.o
                0x0000000008005758                HAL_TIM_PWM_PulseFinishedCallback
 .text.HAL_TIM_TriggerCallback
                0x000000000800576a       0x12 Drivers/STM32F1xx_HAL_Driver/Src/stm32f1xx_hal_tim.o
                0x000000000800576a                HAL_TIM_TriggerCallback
 .text.TIM_Base_SetConfig
                0x000000000800577c       0xc4 Drivers/STM32F1xx_HAL_Driver/Src/stm32f1xx_hal_tim.o
                0x000000000800577c                TIM_Base_SetConfig
 .text.TIM_TI1_ConfigInputStage
                0x0000000008005840       0x5c Drivers/STM32F1xx_HAL_Driver/Src/stm32f1xx_hal_tim.o
 .text.TIM_TI2_ConfigInputStage
                0x000000000800589c       0x5e Drivers/STM32F1xx_HAL_Driver/Src/stm32f1xx_hal_tim.o
 .text.TIM_ITRx_SetConfig
                0x00000000080058fa       0x34 Drivers/STM32F1xx_HAL_Driver/Src/stm32f1xx_hal_tim.o
 .text.TIM_ETR_SetConfig
                0x000000000800592e       0x3e Drivers/STM32F1xx_HAL_Driver/Src/stm32f1xx_hal_tim.o
                0x000000000800592e                TIM_ETR_SetConfig
 .text.HAL_TIMEx_MasterConfigSynchronization
                0x000000000800596c      0x12c Drivers/STM32F1xx_HAL_Driver/Src/stm32f1xx_hal_tim_ex.o
                0x000000000800596c                HAL_TIMEx_MasterConfigSynchronization
 .text.HAL_TIMEx_CommutCallback
                0x0000000008005a98       0x12 Drivers/STM32F1xx_HAL_Driver/Src/stm32f1xx_hal_tim_ex.o
                0x0000000008005a98                HAL_TIMEx_CommutCallback
 .text.HAL_TIMEx_BreakCallback
                0x0000000008005aaa       0x12 Drivers/STM32F1xx_HAL_Driver/Src/stm32f1xx_hal_tim_ex.o
                0x0000000008005aaa                HAL_TIMEx_BreakCallback
 .text.HAL_UART_Init
                0x0000000008005abc      0x150 Drivers/STM32F1xx_HAL_Driver/Src/stm32f1xx_hal_uart.o
                0x0000000008005abc                HAL_UART_Init
 .text.HAL_UART_Transmit_IT
                0x0000000008005c0c       0x88 Drivers/STM32F1xx_HAL_Driver/Src/stm32f1xx_hal_uart.o
                0x0000000008005c0c                HAL_UART_Transmit_IT
 .text.HAL_UART_Receive_IT
                0x0000000008005c94       0xa8 Drivers/STM32F1xx_HAL_Driver/Src/stm32f1xx_hal_uart.o
                0x0000000008005c94                HAL_UART_Receive_IT
 .text.HAL_UART_IRQHandler
                0x0000000008005d3c      0x1f8 Drivers/STM32F1xx_HAL_Driver/Src/stm32f1xx_hal_uart.o
                0x0000000008005d3c                HAL_UART_IRQHandler
 .text.HAL_UART_TxCpltCallback
                0x0000000008005f34       0x12 Drivers/STM32F1xx_HAL_Driver/Src/stm32f1xx_hal_uart.o
                0x0000000008005f34                HAL_UART_TxCpltCallback
 .text.HAL_UART_ErrorCallback
                0x0000000008005f46       0x12 Drivers/STM32F1xx_HAL_Driver/Src/stm32f1xx_hal_uart.o
                0x0000000008005f46                HAL_UART_ErrorCallback
 .text.UART_EndRxTransfer
                0x0000000008005f58       0x3a Drivers/STM32F1xx_HAL_Driver/Src/stm32f1xx_hal_uart.o
 .text.UART_DMAAbortOnError
                0x0000000008005f92       0x28 Drivers/STM32F1xx_HAL_Driver/Src/stm32f1xx_hal_uart.o
 .text.UART_Transmit_IT
                0x0000000008005fba       0xaa Drivers/STM32F1xx_HAL_Driver/Src/stm32f1xx_hal_uart.o
 .text.UART_EndTransmit_IT
                0x0000000008006064       0x30 Drivers/STM32F1xx_HAL_Driver/Src/stm32f1xx_hal_uart.o
 .text.UART_Receive_IT
                0x0000000008006094      0x102 Drivers/STM32F1xx_HAL_Driver/Src/stm32f1xx_hal_uart.o
 *fill*         0x0000000008006196        0x2 
 .text.UART_SetConfig
                0x0000000008006198      0x230 Drivers/STM32F1xx_HAL_Driver/Src/stm32f1xx_hal_uart.o
 .text.__libc_init_array
                0x00000000080063c8       0x48 /home/gonzalo/CubeIdeST/plugins/com.st.stm32cube.ide.mcu.externaltools.gnu-tools-for-stm32.7-2018-q2-update.linux64_1.0.0.201904181610/tools/bin/../lib/gcc/arm-none-eabi/7.3.1/../../../../arm-none-eabi/lib/thumb/v7-m/libc_nano.a(lib_a-init.o)
                0x00000000080063c8                __libc_init_array
 .text.memset   0x0000000008006410       0x10 /home/gonzalo/CubeIdeST/plugins/com.st.stm32cube.ide.mcu.externaltools.gnu-tools-for-stm32.7-2018-q2-update.linux64_1.0.0.201904181610/tools/bin/../lib/gcc/arm-none-eabi/7.3.1/../../../../arm-none-eabi/lib/thumb/v7-m/libc_nano.a(lib_a-memset.o)
                0x0000000008006410                memset
 *(.glue_7)
 .glue_7        0x0000000008006420        0x0 linker stubs
 *(.glue_7t)
 .glue_7t       0x0000000008006420        0x0 linker stubs
 *(.eh_frame)
 .eh_frame      0x0000000008006420        0x0 /home/gonzalo/CubeIdeST/plugins/com.st.stm32cube.ide.mcu.externaltools.gnu-tools-for-stm32.7-2018-q2-update.linux64_1.0.0.201904181610/tools/bin/../lib/gcc/arm-none-eabi/7.3.1/thumb/v7-m/crtbegin.o
 *(.init)
 .init          0x0000000008006420        0x4 /home/gonzalo/CubeIdeST/plugins/com.st.stm32cube.ide.mcu.externaltools.gnu-tools-for-stm32.7-2018-q2-update.linux64_1.0.0.201904181610/tools/bin/../lib/gcc/arm-none-eabi/7.3.1/thumb/v7-m/crti.o
                0x0000000008006420                _init
 .init          0x0000000008006424        0x8 /home/gonzalo/CubeIdeST/plugins/com.st.stm32cube.ide.mcu.externaltools.gnu-tools-for-stm32.7-2018-q2-update.linux64_1.0.0.201904181610/tools/bin/../lib/gcc/arm-none-eabi/7.3.1/thumb/v7-m/crtn.o
 *(.fini)
 .fini          0x000000000800642c        0x4 /home/gonzalo/CubeIdeST/plugins/com.st.stm32cube.ide.mcu.externaltools.gnu-tools-for-stm32.7-2018-q2-update.linux64_1.0.0.201904181610/tools/bin/../lib/gcc/arm-none-eabi/7.3.1/thumb/v7-m/crti.o
                0x000000000800642c                _fini
 .fini          0x0000000008006430        0x8 /home/gonzalo/CubeIdeST/plugins/com.st.stm32cube.ide.mcu.externaltools.gnu-tools-for-stm32.7-2018-q2-update.linux64_1.0.0.201904181610/tools/bin/../lib/gcc/arm-none-eabi/7.3.1/thumb/v7-m/crtn.o
                0x0000000008006438                . = ALIGN (0x4)
                0x0000000008006438                _etext = .

.vfp11_veneer   0x0000000008006438        0x0
 .vfp11_veneer  0x0000000008006438        0x0 linker stubs

.v4_bx          0x0000000008006438        0x0
 .v4_bx         0x0000000008006438        0x0 linker stubs

.iplt           0x0000000008006438        0x0
 .iplt          0x0000000008006438        0x0 /home/gonzalo/CubeIdeST/plugins/com.st.stm32cube.ide.mcu.externaltools.gnu-tools-for-stm32.7-2018-q2-update.linux64_1.0.0.201904181610/tools/bin/../lib/gcc/arm-none-eabi/7.3.1/thumb/v7-m/crtbegin.o

.rodata         0x0000000008006438      0x24c
                0x0000000008006438                . = ALIGN (0x4)
 *(.rodata)
 .rodata        0x0000000008006438       0x38 Drivers/STM32F1xx_HAL_Driver/Src/stm32f1xx_hal_adc.o
 .rodata        0x0000000008006470       0x3b Drivers/STM32F1xx_HAL_Driver/Src/stm32f1xx_hal_cortex.o
 *fill*         0x00000000080064ab        0x1 
 .rodata        0x00000000080064ac       0x39 Drivers/STM32F1xx_HAL_Driver/Src/stm32f1xx_hal_gpio.o
 *fill*         0x00000000080064e5        0x3 
 .rodata        0x00000000080064e8       0x38 Drivers/STM32F1xx_HAL_Driver/Src/stm32f1xx_hal_i2c.o
 .rodata        0x0000000008006520       0x4a Drivers/STM32F1xx_HAL_Driver/Src/stm32f1xx_hal_rcc.o
 *fill*         0x000000000800656a        0x2 
 .rodata        0x000000000800656c       0x4e Drivers/STM32F1xx_HAL_Driver/Src/stm32f1xx_hal_rcc_ex.o
 *fill*         0x00000000080065ba        0x2 
 .rodata        0x00000000080065bc       0x38 Drivers/STM32F1xx_HAL_Driver/Src/stm32f1xx_hal_tim.o
 .rodata        0x00000000080065f4       0x3b Drivers/STM32F1xx_HAL_Driver/Src/stm32f1xx_hal_tim_ex.o
 *fill*         0x000000000800662f        0x1 
 .rodata        0x0000000008006630       0x39 Drivers/STM32F1xx_HAL_Driver/Src/stm32f1xx_hal_uart.o
 *(.rodata*)
 *fill*         0x0000000008006669        0x3 
 .rodata.AHBPrescTable
                0x000000000800666c       0x10 Core/Src/system_stm32f1xx.o
                0x000000000800666c                AHBPrescTable
 .rodata.APBPrescTable
                0x000000000800667c        0x8 Core/Src/system_stm32f1xx.o
                0x000000000800667c                APBPrescTable
                0x0000000008006684                . = ALIGN (0x4)

.rel.dyn        0x0000000008006684        0x0
 .rel.iplt      0x0000000008006684        0x0 /home/gonzalo/CubeIdeST/plugins/com.st.stm32cube.ide.mcu.externaltools.gnu-tools-for-stm32.7-2018-q2-update.linux64_1.0.0.201904181610/tools/bin/../lib/gcc/arm-none-eabi/7.3.1/thumb/v7-m/crtbegin.o

.ARM.extab      0x0000000008006684        0x0
                0x0000000008006684                . = ALIGN (0x4)
 *(.ARM.extab* .gnu.linkonce.armextab.*)
                0x0000000008006684                . = ALIGN (0x4)

.ARM            0x0000000008006684        0x0
                0x0000000008006684                . = ALIGN (0x4)
                0x0000000008006684                __exidx_start = .
 *(.ARM.exidx*)
                0x0000000008006684                __exidx_end = .
                0x0000000008006684                . = ALIGN (0x4)

.preinit_array  0x0000000008006684        0x0
                0x0000000008006684                . = ALIGN (0x4)
                0x0000000008006684                PROVIDE (__preinit_array_start = .)
 *(.preinit_array*)
                0x0000000008006684                PROVIDE (__preinit_array_end = .)
                0x0000000008006684                . = ALIGN (0x4)

.init_array     0x0000000008006684        0x4
                0x0000000008006684                . = ALIGN (0x4)
                0x0000000008006684                PROVIDE (__init_array_start = .)
 *(SORT_BY_NAME(.init_array.*))
 *(.init_array*)
 .init_array    0x0000000008006684        0x4 /home/gonzalo/CubeIdeST/plugins/com.st.stm32cube.ide.mcu.externaltools.gnu-tools-for-stm32.7-2018-q2-update.linux64_1.0.0.201904181610/tools/bin/../lib/gcc/arm-none-eabi/7.3.1/thumb/v7-m/crtbegin.o
                0x0000000008006688                PROVIDE (__init_array_end = .)
                0x0000000008006688                . = ALIGN (0x4)

.fini_array     0x0000000008006688        0x4
                0x0000000008006688                . = ALIGN (0x4)
                [!provide]                        PROVIDE (__fini_array_start = .)
 *(SORT_BY_NAME(.fini_array.*))
 *(.fini_array*)
 .fini_array    0x0000000008006688        0x4 /home/gonzalo/CubeIdeST/plugins/com.st.stm32cube.ide.mcu.externaltools.gnu-tools-for-stm32.7-2018-q2-update.linux64_1.0.0.201904181610/tools/bin/../lib/gcc/arm-none-eabi/7.3.1/thumb/v7-m/crtbegin.o
                [!provide]                        PROVIDE (__fini_array_end = .)
                0x000000000800668c                . = ALIGN (0x4)
                0x000000000800668c                _sidata = LOADADDR (.data)

.data           0x0000000020000000       0x10 load address 0x000000000800668c
                0x0000000020000000                . = ALIGN (0x4)
                0x0000000020000000                _sdata = .
 *(.data)
 *(.data*)
 .data.mcpAddress
                0x0000000020000000        0x2 Core/Src/PuertosData.o
                0x0000000020000000                mcpAddress
 *fill*         0x0000000020000002        0x2 
 .data.SystemCoreClock
                0x0000000020000004        0x4 Core/Src/system_stm32f1xx.o
                0x0000000020000004                SystemCoreClock
 .data.uwTickPrio
                0x0000000020000008        0x4 Drivers/STM32F1xx_HAL_Driver/Src/stm32f1xx_hal.o
                0x0000000020000008                uwTickPrio
 .data.uwTickFreq
                0x000000002000000c        0x1 Drivers/STM32F1xx_HAL_Driver/Src/stm32f1xx_hal.o
                0x000000002000000c                uwTickFreq
                0x0000000020000010                . = ALIGN (0x4)
 *fill*         0x000000002000000d        0x3 
                0x0000000020000010                _edata = .

.igot.plt       0x0000000020000010        0x0 load address 0x000000000800669c
 .igot.plt      0x0000000020000010        0x0 /home/gonzalo/CubeIdeST/plugins/com.st.stm32cube.ide.mcu.externaltools.gnu-tools-for-stm32.7-2018-q2-update.linux64_1.0.0.201904181610/tools/bin/../lib/gcc/arm-none-eabi/7.3.1/thumb/v7-m/crtbegin.o
                0x0000000020000010                . = ALIGN (0x4)

.bss            0x0000000020000010      0x1a0 load address 0x000000000800669c
                0x0000000020000010                _sbss = .
                0x0000000020000010                __bss_start__ = _sbss
 *(.bss)
 .bss           0x0000000020000010       0x1c /home/gonzalo/CubeIdeST/plugins/com.st.stm32cube.ide.mcu.externaltools.gnu-tools-for-stm32.7-2018-q2-update.linux64_1.0.0.201904181610/tools/bin/../lib/gcc/arm-none-eabi/7.3.1/thumb/v7-m/crtbegin.o
 *(.bss*)
 .bss.receiveIndex
                0x000000002000002c        0x1 Core/Src/PuertosData.o
                0x000000002000002c                receiveIndex
 .bss.dataFlag  0x000000002000002d        0x1 Core/Src/PuertosData.o
                0x000000002000002d                dataFlag
 .bss.buffLast  0x000000002000002e        0x1 Core/Src/PuertosData.o
                0x000000002000002e                buffLast
 *(COMMON)
 *fill*         0x000000002000002f        0x1 
 COMMON         0x0000000020000030       0x48 Core/Src/PuertosData.o
                0x0000000020000030                bufferADC1
                0x0000000020000040                bufferUARTin
                0x0000000020000043                packedDataIndex
                0x0000000020000044                ModIn0Counter
                0x0000000020000045                outData
                0x0000000020000048                bufferUARTout
                0x000000002000004c                inData
                0x0000000020000050                sumADC2
                0x0000000020000054                moduleAddr
                0x0000000020000055                samp
                0x0000000020000056                ModIn1Counter
                0x0000000020000057                ModIn2Counter
                0x0000000020000058                bufferADC2
                0x0000000020000068                DACData
                0x000000002000006c                packedDataOut
                0x0000000020000074                sumADC1
 COMMON         0x0000000020000078       0x60 Core/Src/adc.o
                0x0000000020000078                hadc2
                0x00000000200000a8                hadc1
 COMMON         0x00000000200000d8       0x54 Core/Src/i2c.o
                0x00000000200000d8                hi2c1
 COMMON         0x000000002000012c       0x40 Core/Src/tim.o
                0x000000002000012c                htim3
 COMMON         0x000000002000016c       0x40 Core/Src/usart.o
                0x000000002000016c                huart1
 COMMON         0x00000000200001ac        0x4 Drivers/STM32F1xx_HAL_Driver/Src/stm32f1xx_hal.o
                0x00000000200001ac                uwTick
                0x00000000200001b0                . = ALIGN (0x4)
                0x00000000200001b0                _ebss = .
                0x00000000200001b0                __bss_end__ = _ebss

._user_heap_stack
                0x00000000200001b0      0x600 load address 0x000000000800669c
                0x00000000200001b0                . = ALIGN (0x8)
                0x00000000200001b0                PROVIDE (end = .)
                [!provide]                        PROVIDE (_end = .)
                0x00000000200003b0                . = (. + _Min_Heap_Size)
 *fill*         0x00000000200001b0      0x200 
                0x00000000200007b0                . = (. + _Min_Stack_Size)
 *fill*         0x00000000200003b0      0x400 
                0x00000000200007b0                . = ALIGN (0x8)

/DISCARD/
 libc.a(*)
 libm.a(*)
 libgcc.a(*)

.ARM.attributes
                0x0000000000000000       0x29
 *(.ARM.attributes)
 .ARM.attributes
                0x0000000000000000       0x1d /home/gonzalo/CubeIdeST/plugins/com.st.stm32cube.ide.mcu.externaltools.gnu-tools-for-stm32.7-2018-q2-update.linux64_1.0.0.201904181610/tools/bin/../lib/gcc/arm-none-eabi/7.3.1/thumb/v7-m/crti.o
 .ARM.attributes
                0x000000000000001d       0x2d /home/gonzalo/CubeIdeST/plugins/com.st.stm32cube.ide.mcu.externaltools.gnu-tools-for-stm32.7-2018-q2-update.linux64_1.0.0.201904181610/tools/bin/../lib/gcc/arm-none-eabi/7.3.1/thumb/v7-m/crtbegin.o
 .ARM.attributes
                0x000000000000004a       0x33 Core/Src/PuertosData.o
 .ARM.attributes
                0x000000000000007d       0x33 Core/Src/adc.o
 .ARM.attributes
                0x00000000000000b0       0x33 Core/Src/gpio.o
 .ARM.attributes
                0x00000000000000e3       0x33 Core/Src/i2c.o
 .ARM.attributes
                0x0000000000000116       0x33 Core/Src/main.o
 .ARM.attributes
                0x0000000000000149       0x33 Core/Src/stm32f1xx_hal_msp.o
 .ARM.attributes
                0x000000000000017c       0x33 Core/Src/stm32f1xx_it.o
 .ARM.attributes
                0x00000000000001af       0x33 Core/Src/system_stm32f1xx.o
 .ARM.attributes
                0x00000000000001e2       0x33 Core/Src/tim.o
 .ARM.attributes
                0x0000000000000215       0x33 Core/Src/usart.o
 .ARM.attributes
                0x0000000000000248       0x21 Core/Startup/startup_stm32f103c8tx.o
 .ARM.attributes
                0x0000000000000269       0x33 Drivers/STM32F1xx_HAL_Driver/Src/stm32f1xx_hal.o
 .ARM.attributes
                0x000000000000029c       0x33 Drivers/STM32F1xx_HAL_Driver/Src/stm32f1xx_hal_adc.o
 .ARM.attributes
                0x00000000000002cf       0x33 Drivers/STM32F1xx_HAL_Driver/Src/stm32f1xx_hal_cortex.o
 .ARM.attributes
                0x0000000000000302       0x33 Drivers/STM32F1xx_HAL_Driver/Src/stm32f1xx_hal_dma.o
 .ARM.attributes
                0x0000000000000335       0x33 Drivers/STM32F1xx_HAL_Driver/Src/stm32f1xx_hal_gpio.o
 .ARM.attributes
                0x0000000000000368       0x33 Drivers/STM32F1xx_HAL_Driver/Src/stm32f1xx_hal_i2c.o
 .ARM.attributes
                0x000000000000039b       0x33 Drivers/STM32F1xx_HAL_Driver/Src/stm32f1xx_hal_rcc.o
 .ARM.attributes
                0x00000000000003ce       0x33 Drivers/STM32F1xx_HAL_Driver/Src/stm32f1xx_hal_rcc_ex.o
 .ARM.attributes
                0x0000000000000401       0x33 Drivers/STM32F1xx_HAL_Driver/Src/stm32f1xx_hal_tim.o
 .ARM.attributes
                0x0000000000000434       0x33 Drivers/STM32F1xx_HAL_Driver/Src/stm32f1xx_hal_tim_ex.o
 .ARM.attributes
                0x0000000000000467       0x33 Drivers/STM32F1xx_HAL_Driver/Src/stm32f1xx_hal_uart.o
 .ARM.attributes
                0x000000000000049a       0x2d /home/gonzalo/CubeIdeST/plugins/com.st.stm32cube.ide.mcu.externaltools.gnu-tools-for-stm32.7-2018-q2-update.linux64_1.0.0.201904181610/tools/bin/../lib/gcc/arm-none-eabi/7.3.1/../../../../arm-none-eabi/lib/thumb/v7-m/libc_nano.a(lib_a-init.o)
 .ARM.attributes
                0x00000000000004c7       0x2d /home/gonzalo/CubeIdeST/plugins/com.st.stm32cube.ide.mcu.externaltools.gnu-tools-for-stm32.7-2018-q2-update.linux64_1.0.0.201904181610/tools/bin/../lib/gcc/arm-none-eabi/7.3.1/../../../../arm-none-eabi/lib/thumb/v7-m/libc_nano.a(lib_a-memset.o)
 .ARM.attributes
                0x00000000000004f4       0x1d /home/gonzalo/CubeIdeST/plugins/com.st.stm32cube.ide.mcu.externaltools.gnu-tools-for-stm32.7-2018-q2-update.linux64_1.0.0.201904181610/tools/bin/../lib/gcc/arm-none-eabi/7.3.1/thumb/v7-m/crtn.o
OUTPUT(Puertos.elf elf32-littlearm)

.debug_info     0x0000000000000000     0xf800
 .debug_info    0x0000000000000000      0x3bd Core/Src/PuertosData.o
 .debug_info    0x00000000000003bd      0x862 Core/Src/adc.o
 .debug_info    0x0000000000000c1f      0x352 Core/Src/gpio.o
 .debug_info    0x0000000000000f71      0x981 Core/Src/i2c.o
 .debug_info    0x00000000000018f2     0x1089 Core/Src/main.o
 .debug_info    0x000000000000297b      0x2cb Core/Src/stm32f1xx_hal_msp.o
 .debug_info    0x0000000000002c46      0xb5a Core/Src/stm32f1xx_it.o
 .debug_info    0x00000000000037a0      0x433 Core/Src/system_stm32f1xx.o
 .debug_info    0x0000000000003bd3      0xd11 Core/Src/tim.o
 .debug_info    0x00000000000048e4      0xa5d Core/Src/usart.o
 .debug_info    0x0000000000005341       0x22 Core/Startup/startup_stm32f103c8tx.o
 .debug_info    0x0000000000005363      0x6fe Drivers/STM32F1xx_HAL_Driver/Src/stm32f1xx_hal.o
 .debug_info    0x0000000000005a61      0xc61 Drivers/STM32F1xx_HAL_Driver/Src/stm32f1xx_hal_adc.o
 .debug_info    0x00000000000066c2      0xb46 Drivers/STM32F1xx_HAL_Driver/Src/stm32f1xx_hal_cortex.o
 .debug_info    0x0000000000007208      0x7a6 Drivers/STM32F1xx_HAL_Driver/Src/stm32f1xx_hal_dma.o
 .debug_info    0x00000000000079ae      0x681 Drivers/STM32F1xx_HAL_Driver/Src/stm32f1xx_hal_gpio.o
 .debug_info    0x000000000000802f     0x2457 Drivers/STM32F1xx_HAL_Driver/Src/stm32f1xx_hal_i2c.o
 .debug_info    0x000000000000a486      0x804 Drivers/STM32F1xx_HAL_Driver/Src/stm32f1xx_hal_rcc.o
 .debug_info    0x000000000000ac8a      0x439 Drivers/STM32F1xx_HAL_Driver/Src/stm32f1xx_hal_rcc_ex.o
 .debug_info    0x000000000000b0c3     0x2456 Drivers/STM32F1xx_HAL_Driver/Src/stm32f1xx_hal_tim.o
 .debug_info    0x000000000000d519     0x1104 Drivers/STM32F1xx_HAL_Driver/Src/stm32f1xx_hal_tim_ex.o
 .debug_info    0x000000000000e61d     0x11e3 Drivers/STM32F1xx_HAL_Driver/Src/stm32f1xx_hal_uart.o

.debug_abbrev   0x0000000000000000     0x2479
 .debug_abbrev  0x0000000000000000       0x9f Core/Src/PuertosData.o
 .debug_abbrev  0x000000000000009f      0x199 Core/Src/adc.o
 .debug_abbrev  0x0000000000000238      0x134 Core/Src/gpio.o
 .debug_abbrev  0x000000000000036c      0x1a2 Core/Src/i2c.o
 .debug_abbrev  0x000000000000050e      0x1bd Core/Src/main.o
 .debug_abbrev  0x00000000000006cb      0x109 Core/Src/stm32f1xx_hal_msp.o
 .debug_abbrev  0x00000000000007d4      0x15a Core/Src/stm32f1xx_it.o
 .debug_abbrev  0x000000000000092e      0x134 Core/Src/system_stm32f1xx.o
 .debug_abbrev  0x0000000000000a62      0x1b7 Core/Src/tim.o
 .debug_abbrev  0x0000000000000c19      0x1a2 Core/Src/usart.o
 .debug_abbrev  0x0000000000000dbb       0x12 Core/Startup/startup_stm32f103c8tx.o
 .debug_abbrev  0x0000000000000dcd      0x1d8 Drivers/STM32F1xx_HAL_Driver/Src/stm32f1xx_hal.o
 .debug_abbrev  0x0000000000000fa5      0x1d5 Drivers/STM32F1xx_HAL_Driver/Src/stm32f1xx_hal_adc.o
 .debug_abbrev  0x000000000000117a      0x2bb Drivers/STM32F1xx_HAL_Driver/Src/stm32f1xx_hal_cortex.o
 .debug_abbrev  0x0000000000001435      0x1fe Drivers/STM32F1xx_HAL_Driver/Src/stm32f1xx_hal_dma.o
 .debug_abbrev  0x0000000000001633      0x1c0 Drivers/STM32F1xx_HAL_Driver/Src/stm32f1xx_hal_gpio.o
 .debug_abbrev  0x00000000000017f3      0x258 Drivers/STM32F1xx_HAL_Driver/Src/stm32f1xx_hal_i2c.o
 .debug_abbrev  0x0000000000001a4b      0x229 Drivers/STM32F1xx_HAL_Driver/Src/stm32f1xx_hal_rcc.o
 .debug_abbrev  0x0000000000001c74      0x175 Drivers/STM32F1xx_HAL_Driver/Src/stm32f1xx_hal_rcc_ex.o
 .debug_abbrev  0x0000000000001de9      0x230 Drivers/STM32F1xx_HAL_Driver/Src/stm32f1xx_hal_tim.o
 .debug_abbrev  0x0000000000002019      0x21e Drivers/STM32F1xx_HAL_Driver/Src/stm32f1xx_hal_tim_ex.o
 .debug_abbrev  0x0000000000002237      0x242 Drivers/STM32F1xx_HAL_Driver/Src/stm32f1xx_hal_uart.o

.debug_aranges  0x0000000000000000      0xff0
 .debug_aranges
                0x0000000000000000       0x18 Core/Src/PuertosData.o
 .debug_aranges
                0x0000000000000018       0x38 Core/Src/adc.o
 .debug_aranges
                0x0000000000000050       0x20 Core/Src/gpio.o
 .debug_aranges
                0x0000000000000070       0x30 Core/Src/i2c.o
 .debug_aranges
                0x00000000000000a0       0x38 Core/Src/main.o
 .debug_aranges
                0x00000000000000d8       0x20 Core/Src/stm32f1xx_hal_msp.o
 .debug_aranges
                0x00000000000000f8       0x78 Core/Src/stm32f1xx_it.o
 .debug_aranges
                0x0000000000000170       0x28 Core/Src/system_stm32f1xx.o
 .debug_aranges
                0x0000000000000198       0x38 Core/Src/tim.o
 .debug_aranges
                0x00000000000001d0       0x38 Core/Src/usart.o
 .debug_aranges
                0x0000000000000208       0x28 Core/Startup/startup_stm32f103c8tx.o
 .debug_aranges
                0x0000000000000230       0xe0 Drivers/STM32F1xx_HAL_Driver/Src/stm32f1xx_hal.o
 .debug_aranges
                0x0000000000000310       0xf0 Drivers/STM32F1xx_HAL_Driver/Src/stm32f1xx_hal_adc.o
 .debug_aranges
                0x0000000000000400      0x100 Drivers/STM32F1xx_HAL_Driver/Src/stm32f1xx_hal_cortex.o
 .debug_aranges
                0x0000000000000500       0x80 Drivers/STM32F1xx_HAL_Driver/Src/stm32f1xx_hal_dma.o
 .debug_aranges
                0x0000000000000580       0x58 Drivers/STM32F1xx_HAL_Driver/Src/stm32f1xx_hal_gpio.o
 .debug_aranges
                0x00000000000005d8      0x290 Drivers/STM32F1xx_HAL_Driver/Src/stm32f1xx_hal_i2c.o
 .debug_aranges
                0x0000000000000868       0x90 Drivers/STM32F1xx_HAL_Driver/Src/stm32f1xx_hal_rcc.o
 .debug_aranges
                0x00000000000008f8       0x30 Drivers/STM32F1xx_HAL_Driver/Src/stm32f1xx_hal_rcc_ex.o
 .debug_aranges
                0x0000000000000928      0x3a8 Drivers/STM32F1xx_HAL_Driver/Src/stm32f1xx_hal_tim.o
 .debug_aranges
                0x0000000000000cd0      0x150 Drivers/STM32F1xx_HAL_Driver/Src/stm32f1xx_hal_tim_ex.o
 .debug_aranges
                0x0000000000000e20      0x1d0 Drivers/STM32F1xx_HAL_Driver/Src/stm32f1xx_hal_uart.o

.debug_macro    0x0000000000000000    0x151bc
 .debug_macro   0x0000000000000000      0x1c1 Core/Src/PuertosData.o
 .debug_macro   0x00000000000001c1      0xa5a Core/Src/PuertosData.o
 .debug_macro   0x0000000000000c1b      0x22e Core/Src/PuertosData.o
 .debug_macro   0x0000000000000e49       0x2e Core/Src/PuertosData.o
 .debug_macro   0x0000000000000e77       0x22 Core/Src/PuertosData.o
 .debug_macro   0x0000000000000e99       0x22 Core/Src/PuertosData.o
 .debug_macro   0x0000000000000ebb       0x8e Core/Src/PuertosData.o
 .debug_macro   0x0000000000000f49       0x51 Core/Src/PuertosData.o
 .debug_macro   0x0000000000000f9a       0xef Core/Src/PuertosData.o
 .debug_macro   0x0000000000001089       0x6a Core/Src/PuertosData.o
 .debug_macro   0x00000000000010f3      0x1df Core/Src/PuertosData.o
 .debug_macro   0x00000000000012d2       0x1c Core/Src/PuertosData.o
 .debug_macro   0x00000000000012ee       0x22 Core/Src/PuertosData.o
 .debug_macro   0x0000000000001310       0xc3 Core/Src/PuertosData.o
 .debug_macro   0x00000000000013d3      0xd23 Core/Src/PuertosData.o
 .debug_macro   0x00000000000020f6     0xe09e Core/Src/PuertosData.o
 .debug_macro   0x0000000000010194       0x43 Core/Src/PuertosData.o
 .debug_macro   0x00000000000101d7      0x174 Core/Src/PuertosData.o
 .debug_macro   0x000000000001034b       0x5a Core/Src/PuertosData.o
 .debug_macro   0x00000000000103a5      0x5be Core/Src/PuertosData.o
 .debug_macro   0x0000000000010963      0x289 Core/Src/PuertosData.o
 .debug_macro   0x0000000000010bec      0x1cb Core/Src/PuertosData.o
 .debug_macro   0x0000000000010db7      0x114 Core/Src/PuertosData.o
 .debug_macro   0x0000000000010ecb      0x1b2 Core/Src/PuertosData.o
 .debug_macro   0x000000000001107d       0x27 Core/Src/PuertosData.o
 .debug_macro   0x00000000000110a4      0x136 Core/Src/PuertosData.o
 .debug_macro   0x00000000000111da      0x1bc Core/Src/PuertosData.o
 .debug_macro   0x0000000000011396       0x34 Core/Src/PuertosData.o
 .debug_macro   0x00000000000113ca       0x3c Core/Src/PuertosData.o
 .debug_macro   0x0000000000011406       0x57 Core/Src/PuertosData.o
 .debug_macro   0x000000000001145d      0x46a Core/Src/PuertosData.o
 .debug_macro   0x00000000000118c7      0x1b5 Core/Src/PuertosData.o
 .debug_macro   0x0000000000011a7c       0x88 Core/Src/PuertosData.o
 .debug_macro   0x0000000000011b04      0x241 Core/Src/PuertosData.o
 .debug_macro   0x0000000000011d45      0x280 Core/Src/PuertosData.o
 .debug_macro   0x0000000000011fc5      0x141 Core/Src/PuertosData.o
 .debug_macro   0x0000000000012106      0x88b Core/Src/PuertosData.o
 .debug_macro   0x0000000000012991      0x26b Core/Src/PuertosData.o
 .debug_macro   0x0000000000012bfc       0x83 Core/Src/PuertosData.o
 .debug_macro   0x0000000000012c7f       0x28 Core/Src/PuertosData.o
 .debug_macro   0x0000000000012ca7      0x1d1 Core/Src/adc.o
 .debug_macro   0x0000000000012e78       0xa0 Core/Src/adc.o
 .debug_macro   0x0000000000012f18      0x1d1 Core/Src/gpio.o
 .debug_macro   0x00000000000130e9      0x1d1 Core/Src/i2c.o
 .debug_macro   0x00000000000132ba      0x206 Core/Src/main.o
 .debug_macro   0x00000000000134c0      0x1c7 Core/Src/stm32f1xx_hal_msp.o
 .debug_macro   0x0000000000013687      0x1d1 Core/Src/stm32f1xx_it.o
 .debug_macro   0x0000000000013858      0x1be Core/Src/system_stm32f1xx.o
 .debug_macro   0x0000000000013a16      0x1e4 Core/Src/tim.o
 .debug_macro   0x0000000000013bfa      0x1da Core/Src/usart.o
 .debug_macro   0x0000000000013dd4      0x1dc Drivers/STM32F1xx_HAL_Driver/Src/stm32f1xx_hal.o
 .debug_macro   0x0000000000013fb0      0x1d5 Drivers/STM32F1xx_HAL_Driver/Src/stm32f1xx_hal_adc.o
 .debug_macro   0x0000000000014185      0x1b8 Drivers/STM32F1xx_HAL_Driver/Src/stm32f1xx_hal_cortex.o
 .debug_macro   0x000000000001433d      0x1b8 Drivers/STM32F1xx_HAL_Driver/Src/stm32f1xx_hal_dma.o
 .debug_macro   0x00000000000144f5      0x223 Drivers/STM32F1xx_HAL_Driver/Src/stm32f1xx_hal_gpio.o
 .debug_macro   0x0000000000014718      0x1f8 Drivers/STM32F1xx_HAL_Driver/Src/stm32f1xx_hal_i2c.o
 .debug_macro   0x0000000000014910      0x1ca Drivers/STM32F1xx_HAL_Driver/Src/stm32f1xx_hal_rcc.o
 .debug_macro   0x0000000000014ada      0x1b8 Drivers/STM32F1xx_HAL_Driver/Src/stm32f1xx_hal_rcc_ex.o
 .debug_macro   0x0000000000014c92      0x1b9 Drivers/STM32F1xx_HAL_Driver/Src/stm32f1xx_hal_tim.o
 .debug_macro   0x0000000000014e4b      0x1b8 Drivers/STM32F1xx_HAL_Driver/Src/stm32f1xx_hal_tim_ex.o
 .debug_macro   0x0000000000015003      0x1b9 Drivers/STM32F1xx_HAL_Driver/Src/stm32f1xx_hal_uart.o

.debug_line     0x0000000000000000     0xf2de
 .debug_line    0x0000000000000000      0x63c Core/Src/PuertosData.o
 .debug_line    0x000000000000063c      0x6b3 Core/Src/adc.o
 .debug_line    0x0000000000000cef      0x666 Core/Src/gpio.o
 .debug_line    0x0000000000001355      0x680 Core/Src/i2c.o
 .debug_line    0x00000000000019d5      0x702 Core/Src/main.o
 .debug_line    0x00000000000020d7      0x64f Core/Src/stm32f1xx_hal_msp.o
 .debug_line    0x0000000000002726      0x728 Core/Src/stm32f1xx_it.o
 .debug_line    0x0000000000002e4e      0x67f Core/Src/system_stm32f1xx.o
 .debug_line    0x00000000000034cd      0x6ec Core/Src/tim.o
 .debug_line    0x0000000000003bb9      0x6cc Core/Src/usart.o
 .debug_line    0x0000000000004285       0x84 Core/Startup/startup_stm32f103c8tx.o
 .debug_line    0x0000000000004309      0x839 Drivers/STM32F1xx_HAL_Driver/Src/stm32f1xx_hal.o
 .debug_line    0x0000000000004b42      0xe35 Drivers/STM32F1xx_HAL_Driver/Src/stm32f1xx_hal_adc.o
 .debug_line    0x0000000000005977      0x985 Drivers/STM32F1xx_HAL_Driver/Src/stm32f1xx_hal_cortex.o
 .debug_line    0x00000000000062fc      0xb68 Drivers/STM32F1xx_HAL_Driver/Src/stm32f1xx_hal_dma.o
 .debug_line    0x0000000000006e64      0x990 Drivers/STM32F1xx_HAL_Driver/Src/stm32f1xx_hal_gpio.o
 .debug_line    0x00000000000077f4     0x1d06 Drivers/STM32F1xx_HAL_Driver/Src/stm32f1xx_hal_i2c.o
 .debug_line    0x00000000000094fa      0xaa8 Drivers/STM32F1xx_HAL_Driver/Src/stm32f1xx_hal_rcc.o
 .debug_line    0x0000000000009fa2      0x764 Drivers/STM32F1xx_HAL_Driver/Src/stm32f1xx_hal_rcc_ex.o
 .debug_line    0x000000000000a706     0x2b86 Drivers/STM32F1xx_HAL_Driver/Src/stm32f1xx_hal_tim.o
 .debug_line    0x000000000000d28c      0xfeb Drivers/STM32F1xx_HAL_Driver/Src/stm32f1xx_hal_tim_ex.o
 .debug_line    0x000000000000e277     0x1067 Drivers/STM32F1xx_HAL_Driver/Src/stm32f1xx_hal_uart.o

.debug_str      0x0000000000000000    0x75552
 .debug_str     0x0000000000000000    0x70ab3 Core/Src/PuertosData.o
                                      0x70d5d (size before relaxing)
 .debug_str     0x0000000000070ab3      0x6b5 Core/Src/adc.o
                                      0x71301 (size before relaxing)
 .debug_str     0x0000000000071168       0x46 Core/Src/gpio.o
                                      0x70f7c (size before relaxing)
 .debug_str     0x00000000000711ae      0x520 Core/Src/i2c.o
                                      0x716f0 (size before relaxing)
 .debug_str     0x00000000000716ce      0x560 Core/Src/main.o
                                      0x71bab (size before relaxing)
 .debug_str     0x0000000000071c2e       0x5a Core/Src/stm32f1xx_hal_msp.o
                                      0x70f34 (size before relaxing)
 .debug_str     0x0000000000071c88       0xf2 Core/Src/stm32f1xx_it.o
                                      0x71794 (size before relaxing)
 .debug_str     0x0000000000071d7a       0xc2 Core/Src/system_stm32f1xx.o
                                      0x70ce5 (size before relaxing)
 .debug_str     0x0000000000071e3c      0x12a Core/Src/tim.o
                                      0x71994 (size before relaxing)
 .debug_str     0x0000000000071f66       0x82 Core/Src/usart.o
                                      0x717a2 (size before relaxing)
 .debug_str     0x0000000000071fe8       0x36 Core/Startup/startup_stm32f103c8tx.o
                                         0x8b (size before relaxing)
 .debug_str     0x000000000007201e      0x3c5 Drivers/STM32F1xx_HAL_Driver/Src/stm32f1xx_hal.o
                                      0x712f6 (size before relaxing)
 .debug_str     0x00000000000723e3      0x356 Drivers/STM32F1xx_HAL_Driver/Src/stm32f1xx_hal_adc.o
                                      0x712fb (size before relaxing)
 .debug_str     0x0000000000072739      0x2c8 Drivers/STM32F1xx_HAL_Driver/Src/stm32f1xx_hal_cortex.o
                                      0x71304 (size before relaxing)
 .debug_str     0x0000000000072a01      0x23f Drivers/STM32F1xx_HAL_Driver/Src/stm32f1xx_hal_dma.o
                                      0x71046 (size before relaxing)
 .debug_str     0x0000000000072c40      0x31f Drivers/STM32F1xx_HAL_Driver/Src/stm32f1xx_hal_gpio.o
                                      0x7102f (size before relaxing)
 .debug_str     0x0000000000072f5f      0xb6d Drivers/STM32F1xx_HAL_Driver/Src/stm32f1xx_hal_i2c.o
                                      0x71c5b (size before relaxing)
 .debug_str     0x0000000000073acc      0x258 Drivers/STM32F1xx_HAL_Driver/Src/stm32f1xx_hal_rcc.o
                                      0x71068 (size before relaxing)
 .debug_str     0x0000000000073d24       0xb9 Drivers/STM32F1xx_HAL_Driver/Src/stm32f1xx_hal_rcc_ex.o
                                      0x70df5 (size before relaxing)
 .debug_str     0x0000000000073ddd      0xd51 Drivers/STM32F1xx_HAL_Driver/Src/stm32f1xx_hal_tim.o
                                      0x71e33 (size before relaxing)
 .debug_str     0x0000000000074b2e      0x52f Drivers/STM32F1xx_HAL_Driver/Src/stm32f1xx_hal_tim_ex.o
                                      0x71633 (size before relaxing)
 .debug_str     0x000000000007505d      0x4f5 Drivers/STM32F1xx_HAL_Driver/Src/stm32f1xx_hal_uart.o
                                      0x71557 (size before relaxing)

.comment        0x0000000000000000       0x7b
 .comment       0x0000000000000000       0x7b Core/Src/PuertosData.o
                                         0x7c (size before relaxing)
 .comment       0x000000000000007b       0x7c Core/Src/adc.o
 .comment       0x000000000000007b       0x7c Core/Src/gpio.o
 .comment       0x000000000000007b       0x7c Core/Src/i2c.o
 .comment       0x000000000000007b       0x7c Core/Src/main.o
 .comment       0x000000000000007b       0x7c Core/Src/stm32f1xx_hal_msp.o
 .comment       0x000000000000007b       0x7c Core/Src/stm32f1xx_it.o
 .comment       0x000000000000007b       0x7c Core/Src/system_stm32f1xx.o
 .comment       0x000000000000007b       0x7c Core/Src/tim.o
 .comment       0x000000000000007b       0x7c Core/Src/usart.o
 .comment       0x000000000000007b       0x7c Drivers/STM32F1xx_HAL_Driver/Src/stm32f1xx_hal.o
 .comment       0x000000000000007b       0x7c Drivers/STM32F1xx_HAL_Driver/Src/stm32f1xx_hal_adc.o
 .comment       0x000000000000007b       0x7c Drivers/STM32F1xx_HAL_Driver/Src/stm32f1xx_hal_cortex.o
 .comment       0x000000000000007b       0x7c Drivers/STM32F1xx_HAL_Driver/Src/stm32f1xx_hal_dma.o
 .comment       0x000000000000007b       0x7c Drivers/STM32F1xx_HAL_Driver/Src/stm32f1xx_hal_gpio.o
 .comment       0x000000000000007b       0x7c Drivers/STM32F1xx_HAL_Driver/Src/stm32f1xx_hal_i2c.o
 .comment       0x000000000000007b       0x7c Drivers/STM32F1xx_HAL_Driver/Src/stm32f1xx_hal_rcc.o
 .comment       0x000000000000007b       0x7c Drivers/STM32F1xx_HAL_Driver/Src/stm32f1xx_hal_rcc_ex.o
 .comment       0x000000000000007b       0x7c Drivers/STM32F1xx_HAL_Driver/Src/stm32f1xx_hal_tim.o
 .comment       0x000000000000007b       0x7c Drivers/STM32F1xx_HAL_Driver/Src/stm32f1xx_hal_tim_ex.o
 .comment       0x000000000000007b       0x7c Drivers/STM32F1xx_HAL_Driver/Src/stm32f1xx_hal_uart.o

.debug_ranges   0x0000000000000000      0xeb0
 .debug_ranges  0x0000000000000000       0x28 Core/Src/adc.o
 .debug_ranges  0x0000000000000028       0x10 Core/Src/gpio.o
 .debug_ranges  0x0000000000000038       0x20 Core/Src/i2c.o
 .debug_ranges  0x0000000000000058       0x28 Core/Src/main.o
 .debug_ranges  0x0000000000000080       0x10 Core/Src/stm32f1xx_hal_msp.o
 .debug_ranges  0x0000000000000090       0x68 Core/Src/stm32f1xx_it.o
 .debug_ranges  0x00000000000000f8       0x18 Core/Src/system_stm32f1xx.o
 .debug_ranges  0x0000000000000110       0x28 Core/Src/tim.o
 .debug_ranges  0x0000000000000138       0x28 Core/Src/usart.o
 .debug_ranges  0x0000000000000160       0x20 Core/Startup/startup_stm32f103c8tx.o
 .debug_ranges  0x0000000000000180       0xd0 Drivers/STM32F1xx_HAL_Driver/Src/stm32f1xx_hal.o
 .debug_ranges  0x0000000000000250       0xe0 Drivers/STM32F1xx_HAL_Driver/Src/stm32f1xx_hal_adc.o
 .debug_ranges  0x0000000000000330       0xf0 Drivers/STM32F1xx_HAL_Driver/Src/stm32f1xx_hal_cortex.o
 .debug_ranges  0x0000000000000420       0x70 Drivers/STM32F1xx_HAL_Driver/Src/stm32f1xx_hal_dma.o
 .debug_ranges  0x0000000000000490       0x48 Drivers/STM32F1xx_HAL_Driver/Src/stm32f1xx_hal_gpio.o
 .debug_ranges  0x00000000000004d8      0x2a0 Drivers/STM32F1xx_HAL_Driver/Src/stm32f1xx_hal_i2c.o
 .debug_ranges  0x0000000000000778       0x80 Drivers/STM32F1xx_HAL_Driver/Src/stm32f1xx_hal_rcc.o
 .debug_ranges  0x00000000000007f8       0x20 Drivers/STM32F1xx_HAL_Driver/Src/stm32f1xx_hal_rcc_ex.o
 .debug_ranges  0x0000000000000818      0x398 Drivers/STM32F1xx_HAL_Driver/Src/stm32f1xx_hal_tim.o
 .debug_ranges  0x0000000000000bb0      0x140 Drivers/STM32F1xx_HAL_Driver/Src/stm32f1xx_hal_tim_ex.o
 .debug_ranges  0x0000000000000cf0      0x1c0 Drivers/STM32F1xx_HAL_Driver/Src/stm32f1xx_hal_uart.o

.debug_frame    0x0000000000000000     0x4144
 .debug_frame   0x0000000000000000       0xa0 Core/Src/adc.o
 .debug_frame   0x00000000000000a0       0x34 Core/Src/gpio.o
 .debug_frame   0x00000000000000d4       0x74 Core/Src/i2c.o
 .debug_frame   0x0000000000000148       0x9c Core/Src/main.o
 .debug_frame   0x00000000000001e4       0x38 Core/Src/stm32f1xx_hal_msp.o
 .debug_frame   0x000000000000021c      0x160 Core/Src/stm32f1xx_it.o
 .debug_frame   0x000000000000037c       0x58 Core/Src/system_stm32f1xx.o
 .debug_frame   0x00000000000003d4       0xa4 Core/Src/tim.o
 .debug_frame   0x0000000000000478       0x98 Core/Src/usart.o
 .debug_frame   0x0000000000000510      0x334 Drivers/STM32F1xx_HAL_Driver/Src/stm32f1xx_hal.o
 .debug_frame   0x0000000000000844      0x408 Drivers/STM32F1xx_HAL_Driver/Src/stm32f1xx_hal_adc.o
 .debug_frame   0x0000000000000c4c      0x424 Drivers/STM32F1xx_HAL_Driver/Src/stm32f1xx_hal_cortex.o
 .debug_frame   0x0000000000001070      0x200 Drivers/STM32F1xx_HAL_Driver/Src/stm32f1xx_hal_dma.o
 .debug_frame   0x0000000000001270      0x138 Drivers/STM32F1xx_HAL_Driver/Src/stm32f1xx_hal_gpio.o
 .debug_frame   0x00000000000013a8      0xbf4 Drivers/STM32F1xx_HAL_Driver/Src/stm32f1xx_hal_i2c.o
 .debug_frame   0x0000000000001f9c      0x218 Drivers/STM32F1xx_HAL_Driver/Src/stm32f1xx_hal_rcc.o
 .debug_frame   0x00000000000021b4       0x84 Drivers/STM32F1xx_HAL_Driver/Src/stm32f1xx_hal_rcc_ex.o
 .debug_frame   0x0000000000002238     0x10e4 Drivers/STM32F1xx_HAL_Driver/Src/stm32f1xx_hal_tim.o
 .debug_frame   0x000000000000331c      0x5b0 Drivers/STM32F1xx_HAL_Driver/Src/stm32f1xx_hal_tim_ex.o
 .debug_frame   0x00000000000038cc      0x82c Drivers/STM32F1xx_HAL_Driver/Src/stm32f1xx_hal_uart.o
 .debug_frame   0x00000000000040f8       0x2c /home/gonzalo/CubeIdeST/plugins/com.st.stm32cube.ide.mcu.externaltools.gnu-tools-for-stm32.7-2018-q2-update.linux64_1.0.0.201904181610/tools/bin/../lib/gcc/arm-none-eabi/7.3.1/../../../../arm-none-eabi/lib/thumb/v7-m/libc_nano.a(lib_a-init.o)
 .debug_frame   0x0000000000004124       0x20 /home/gonzalo/CubeIdeST/plugins/com.st.stm32cube.ide.mcu.externaltools.gnu-tools-for-stm32.7-2018-q2-update.linux64_1.0.0.201904181610/tools/bin/../lib/gcc/arm-none-eabi/7.3.1/../../../../arm-none-eabi/lib/thumb/v7-m/libc_nano.a(lib_a-memset.o)
