Archive member included to satisfy reference by file (symbol)

/home/gonzalo/CubeIdeST/plugins/com.st.stm32cube.ide.mcu.externaltools.gnu-tools-for-stm32.7-2018-q2-update.linux64_1.0.0.201904181610/tools/bin/../lib/gcc/arm-none-eabi/7.3.1/../../../../arm-none-eabi/lib/thumb/v7-m/libc_nano.a(lib_a-errno.o)
                              Core/Src/syscalls.o (__errno)
/home/gonzalo/CubeIdeST/plugins/com.st.stm32cube.ide.mcu.externaltools.gnu-tools-for-stm32.7-2018-q2-update.linux64_1.0.0.201904181610/tools/bin/../lib/gcc/arm-none-eabi/7.3.1/../../../../arm-none-eabi/lib/thumb/v7-m/libc_nano.a(lib_a-exit.o)
                              /home/gonzalo/CubeIdeST/plugins/com.st.stm32cube.ide.mcu.externaltools.gnu-tools-for-stm32.7-2018-q2-update.linux64_1.0.0.201904181610/tools/bin/../lib/gcc/arm-none-eabi/7.3.1/../../../../arm-none-eabi/lib/thumb/v7-m/crt0.o (exit)
/home/gonzalo/CubeIdeST/plugins/com.st.stm32cube.ide.mcu.externaltools.gnu-tools-for-stm32.7-2018-q2-update.linux64_1.0.0.201904181610/tools/bin/../lib/gcc/arm-none-eabi/7.3.1/../../../../arm-none-eabi/lib/thumb/v7-m/libc_nano.a(lib_a-impure.o)
                              /home/gonzalo/CubeIdeST/plugins/com.st.stm32cube.ide.mcu.externaltools.gnu-tools-for-stm32.7-2018-q2-update.linux64_1.0.0.201904181610/tools/bin/../lib/gcc/arm-none-eabi/7.3.1/../../../../arm-none-eabi/lib/thumb/v7-m/libc_nano.a(lib_a-exit.o) (_global_impure_ptr)
/home/gonzalo/CubeIdeST/plugins/com.st.stm32cube.ide.mcu.externaltools.gnu-tools-for-stm32.7-2018-q2-update.linux64_1.0.0.201904181610/tools/bin/../lib/gcc/arm-none-eabi/7.3.1/../../../../arm-none-eabi/lib/thumb/v7-m/libc_nano.a(lib_a-init.o)
                              /home/gonzalo/CubeIdeST/plugins/com.st.stm32cube.ide.mcu.externaltools.gnu-tools-for-stm32.7-2018-q2-update.linux64_1.0.0.201904181610/tools/bin/../lib/gcc/arm-none-eabi/7.3.1/../../../../arm-none-eabi/lib/thumb/v7-m/crt0.o (__libc_init_array)
/home/gonzalo/CubeIdeST/plugins/com.st.stm32cube.ide.mcu.externaltools.gnu-tools-for-stm32.7-2018-q2-update.linux64_1.0.0.201904181610/tools/bin/../lib/gcc/arm-none-eabi/7.3.1/../../../../arm-none-eabi/lib/thumb/v7-m/libc_nano.a(lib_a-memset.o)
                              /home/gonzalo/CubeIdeST/plugins/com.st.stm32cube.ide.mcu.externaltools.gnu-tools-for-stm32.7-2018-q2-update.linux64_1.0.0.201904181610/tools/bin/../lib/gcc/arm-none-eabi/7.3.1/../../../../arm-none-eabi/lib/thumb/v7-m/crt0.o (memset)

Allocating common symbols
Common symbol       size              file

bufferADC1          0x10              Core/Src/PuertosData.o
bufferUARTin        0x3               Core/Src/PuertosData.o
packedDataIndex     0x1               Core/Src/PuertosData.o
hadc2               0x30              Core/Src/adc.o
hi2c1               0x54              Core/Src/i2c.o
ModIn0Counter       0x1               Core/Src/PuertosData.o
outData             0x1               Core/Src/PuertosData.o
bufferUARTout       0x4               Core/Src/PuertosData.o
uwTick              0x4               Drivers/STM32F1xx_HAL_Driver/Src/stm32f1xx_hal.o
pFlash              0x20              Drivers/STM32F1xx_HAL_Driver/Src/stm32f1xx_hal_flash.o
inData              0x1               Core/Src/PuertosData.o
htim3               0x40              Core/Src/tim.o
sumADC2             0x4               Core/Src/PuertosData.o
moduleAddr          0x1               Core/Src/PuertosData.o
hadc1               0x30              Core/Src/adc.o
samp                0x1               Core/Src/PuertosData.o
ModIn1Counter       0x1               Core/Src/PuertosData.o
ModIn2Counter       0x1               Core/Src/PuertosData.o
huart1              0x40              Core/Src/usart.o
bufferADC2          0x10              Core/Src/PuertosData.o
DACData             0x2               Core/Src/PuertosData.o
packedDataOut       0x8               Core/Src/PuertosData.o
sumADC1             0x4               Core/Src/PuertosData.o

Discarded input sections

 .text          0x0000000000000000        0x0 /home/gonzalo/CubeIdeST/plugins/com.st.stm32cube.ide.mcu.externaltools.gnu-tools-for-stm32.7-2018-q2-update.linux64_1.0.0.201904181610/tools/bin/../lib/gcc/arm-none-eabi/7.3.1/thumb/v7-m/crti.o
 .data          0x0000000000000000        0x0 /home/gonzalo/CubeIdeST/plugins/com.st.stm32cube.ide.mcu.externaltools.gnu-tools-for-stm32.7-2018-q2-update.linux64_1.0.0.201904181610/tools/bin/../lib/gcc/arm-none-eabi/7.3.1/thumb/v7-m/crti.o
 .bss           0x0000000000000000        0x0 /home/gonzalo/CubeIdeST/plugins/com.st.stm32cube.ide.mcu.externaltools.gnu-tools-for-stm32.7-2018-q2-update.linux64_1.0.0.201904181610/tools/bin/../lib/gcc/arm-none-eabi/7.3.1/thumb/v7-m/crti.o
 .data          0x0000000000000000        0x4 /home/gonzalo/CubeIdeST/plugins/com.st.stm32cube.ide.mcu.externaltools.gnu-tools-for-stm32.7-2018-q2-update.linux64_1.0.0.201904181610/tools/bin/../lib/gcc/arm-none-eabi/7.3.1/thumb/v7-m/crtbegin.o
[...]
Memory Configuration

Name             Origin             Length             Attributes
RAM              0x0000000020000000 0x0000000000005000 xrw
FLASH            0x0000000008000000 0x0000000000010000 xr
*default*        0x0000000000000000 0xffffffffffffffff

Linker script and memory map

LOAD /home/gonzalo/CubeIdeST/plugins/com.st.stm32cube.ide.mcu.externaltools.gnu-tools-for-stm32.7-2018-q2-update.linux64_1.0.0.201904181610/tools/bin/../lib/gcc/arm-none-eabi/7.3.1/thumb/v7-m/crti.o
LOAD /home/gonzalo/CubeIdeST/plugins/com.st.stm32cube.ide.mcu.externaltools.gnu-tools-for-stm32.7-2018-q2-update.linux64_1.0.0.201904181610/tools/bin/../lib/gcc/arm-none-eabi/7.3.1/thumb/v7-m/crtbegin.o
LOAD /home/gonzalo/CubeIdeST/plugins/com.st.stm32cube.ide.mcu.externaltools.gnu-tools-for-stm32.7-2018-q2-update.linux64_1.0.0.201904181610/tools/bin/../lib/gcc/arm-none-eabi/7.3.1/../../../../arm-none-eabi/lib/thumb/v7-m/crt0.o
LOAD Core/Src/PuertosData.o
LOAD Core/Src/adc.o
LOAD Core/Src/gpio.o
LOAD Core/Src/i2c.o
LOAD Core/Src/main.o
LOAD Core/Src/stm32f1xx_hal_msp.o
LOAD Core/Src/stm32f1xx_it.o
LOAD Core/Src/syscalls.o
LOAD Core/Src/sysmem.o
LOAD Core/Src/system_stm32f1xx.o
LOAD Core/Src/tim.o
LOAD Core/Src/usart.o
LOAD Core/Startup/startup_stm32f103c8tx.o
LOAD Drivers/STM32F1xx_HAL_Driver/Src/stm32f1xx_hal.o
LOAD Drivers/STM32F1xx_HAL_Driver/Src/stm32f1xx_hal_adc.o
LOAD Drivers/STM32F1xx_HAL_Driver/Src/stm32f1xx_hal_adc_ex.o
LOAD Drivers/STM32F1xx_HAL_Driver/Src/stm32f1xx_hal_cortex.o
LOAD Drivers/STM32F1xx_HAL_Driver/Src/stm32f1xx_hal_dma.o
LOAD Drivers/STM32F1xx_HAL_Driver/Src/stm32f1xx_hal_exti.o
LOAD Drivers/STM32F1xx_HAL_Driver/Src/stm32f1xx_hal_flash.o
LOAD Drivers/STM32F1xx_HAL_Driver/Src/stm32f1xx_hal_flash_ex.o
LOAD Drivers/STM32F1xx_HAL_Driver/Src/stm32f1xx_hal_gpio.o
LOAD Drivers/STM32F1xx_HAL_Driver/Src/stm32f1xx_hal_gpio_ex.o
LOAD Drivers/STM32F1xx_HAL_Driver/Src/stm32f1xx_hal_i2c.o
LOAD Drivers/STM32F1xx_HAL_Driver/Src/stm32f1xx_hal_pwr.o
LOAD Drivers/STM32F1xx_HAL_Driver/Src/stm32f1xx_hal_rcc.o
LOAD Drivers/STM32F1xx_HAL_Driver/Src/stm32f1xx_hal_rcc_ex.o
LOAD Drivers/STM32F1xx_HAL_Driver/Src/stm32f1xx_hal_tim.o
LOAD Drivers/STM32F1xx_HAL_Driver/Src/stm32f1xx_hal_tim_ex.o
LOAD Drivers/STM32F1xx_HAL_Driver/Src/stm32f1xx_hal_uart.o
START GROUP
LOAD /home/gonzalo/CubeIdeST/plugins/com.st.stm32cube.ide.mcu.externaltools.gnu-tools-for-stm32.7-2018-q2-update.linux64_1.0.0.201904181610/tools/bin/../lib/gcc/arm-none-eabi/7.3.1/../../../../arm-none-eabi/lib/thumb/v7-m/libc_nano.a
LOAD /home/gonzalo/CubeIdeST/plugins/com.st.stm32cube.ide.mcu.externaltools.gnu-tools-for-stm32.7-2018-q2-update.linux64_1.0.0.201904181610/tools/bin/../lib/gcc/arm-none-eabi/7.3.1/../../../../arm-none-eabi/lib/thumb/v7-m/libm.a
END GROUP
START GROUP
LOAD /home/gonzalo/CubeIdeST/plugins/com.st.stm32cube.ide.mcu.externaltools.gnu-tools-for-stm32.7-2018-q2-update.linux64_1.0.0.201904181610/tools/bin/../lib/gcc/arm-none-eabi/7.3.1/thumb/v7-m/libgcc.a
LOAD /home/gonzalo/CubeIdeST/plugins/com.st.stm32cube.ide.mcu.externaltools.gnu-tools-for-stm32.7-2018-q2-update.linux64_1.0.0.201904181610/tools/bin/../lib/gcc/arm-none-eabi/7.3.1/../../../../arm-none-eabi/lib/thumb/v7-m/libc_nano.a
END GROUP
START GROUP
LOAD /home/gonzalo/CubeIdeST/plugins/com.st.stm32cube.ide.mcu.externaltools.gnu-tools-for-stm32.7-2018-q2-update.linux64_1.0.0.201904181610/tools/bin/../lib/gcc/arm-none-eabi/7.3.1/thumb/v7-m/libgcc.a
LOAD /home/gonzalo/CubeIdeST/plugins/com.st.stm32cube.ide.mcu.externaltools.gnu-tools-for-stm32.7-2018-q2-update.linux64_1.0.0.201904181610/tools/bin/../lib/gcc/arm-none-eabi/7.3.1/../../../../arm-none-eabi/lib/thumb/v7-m/libc_nano.a
LOAD /home/gonzalo/CubeIdeST/plugins/com.st.stm32cube.ide.mcu.externaltools.gnu-tools-for-stm32.7-2018-q2-update.linux64_1.0.0.201904181610/tools/bin/../lib/gcc/arm-none-eabi/7.3.1/../../../../arm-none-eabi/lib/thumb/v7-m/libnosys.a
END GROUP
START GROUP
LOAD /home/gonzalo/CubeIdeST/plugins/com.st.stm32cube.ide.mcu.externaltools.gnu-tools-for-stm32.7-2018-q2-update.linux64_1.0.0.201904181610/tools/bin/../lib/gcc/arm-none-eabi/7.3.1/thumb/v7-m/libgcc.a
LOAD /home/gonzalo/CubeIdeST/plugins/com.st.stm32cube.ide.mcu.externaltools.gnu-tools-for-stm32.7-2018-q2-update.linux64_1.0.0.201904181610/tools/bin/../lib/gcc/arm-none-eabi/7.3.1/../../../../arm-none-eabi/lib/thumb/v7-m/libc_nano.a
LOAD /home/gonzalo/CubeIdeST/plugins/com.st.stm32cube.ide.mcu.externaltools.gnu-tools-for-stm32.7-2018-q2-update.linux64_1.0.0.201904181610/tools/bin/../lib/gcc/arm-none-eabi/7.3.1/../../../../arm-none-eabi/lib/thumb/v7-m/libnosys.a
END GROUP
LOAD /home/gonzalo/CubeIdeST/plugins/com.st.stm32cube.ide.mcu.externaltools.gnu-tools-for-stm32.7-2018-q2-update.linux64_1.0.0.201904181610/tools/bin/../lib/gcc/arm-none-eabi/7.3.1/thumb/v7-m/crtend.o
LOAD /home/gonzalo/CubeIdeST/plugins/com.st.stm32cube.ide.mcu.externaltools.gnu-tools-for-stm32.7-2018-q2-update.linux64_1.0.0.201904181610/tools/bin/../lib/gcc/arm-none-eabi/7.3.1/thumb/v7-m/crtn.o
                0x0000000020005000                _estack = (ORIGIN (RAM) + LENGTH (RAM))
                0x0000000000000200                _Min_Heap_Size = 0x200
                0x0000000000000400                _Min_Stack_Size = 0x400

.isr_vector     0x0000000008000000      0x10c
                0x0000000008000000                . = ALIGN (0x4)
 *(.isr_vector)
 .isr_vector    0x0000000008000000      0x10c Core/Startup/startup_stm32f103c8tx.o
                0x0000000008000000                g_pfnVectors
                0x000000000800010c                . = ALIGN (0x4)

.text           0x000000000800010c     0x3728
                0x000000000800010c                . = ALIGN (0x4)
 *(.text)
 .text          0x000000000800010c       0x40 /home/gonzalo/CubeIdeST/plugins/com.st.stm32cube.ide.mcu.externaltools.gnu-tools-for-stm32.7-2018-q2-update.linux64_1.0.0.201904181610/tools/bin/../lib/gcc/arm-none-eabi/7.3.1/thumb/v7-m/crtbegin.o
 *(.text*)
 .text.MX_ADC1_Init
                0x000000000800014c       0x50 Core/Src/adc.o
                0x000000000800014c                MX_ADC1_Init
 .text.MX_ADC2_Init
                0x000000000800019c       0x50 Core/Src/adc.o
                0x000000000800019c                MX_ADC2_Init
 .text.HAL_ADC_MspInit
                0x00000000080001ec       0x94 Core/Src/adc.o
                0x00000000080001ec                HAL_ADC_MspInit
 .text.MX_GPIO_Init
                0x0000000008000280       0xe8 Core/Src/gpio.o
                0x0000000008000280                MX_GPIO_Init
 .text.MX_I2C1_Init
                0x0000000008000368       0x3c Core/Src/i2c.o
                0x0000000008000368                MX_I2C1_Init
 .text.HAL_I2C_MspInit
                0x00000000080003a4       0x74 Core/Src/i2c.o
                0x00000000080003a4                HAL_I2C_MspInit
 .text.SystemClock_Config
                0x0000000008000418       0x6a Core/Src/main.o
                0x0000000008000418                SystemClock_Config
 *fill*         0x0000000008000482        0x2 
 .text.startup.main
                0x0000000008000484      0x1c8 Core/Src/main.o
                0x0000000008000484                main
 .text.Error_Handler
                0x000000000800064c        0x2 Core/Src/main.o
                0x000000000800064c                Error_Handler
 .text.assert_failed
                0x000000000800064e        0x2 Core/Src/main.o
                0x000000000800064e                assert_failed
 .text.HAL_MspInit
                0x0000000008000650       0x44 Core/Src/stm32f1xx_hal_msp.o
                0x0000000008000650                HAL_MspInit
 .text.NMI_Handler
                0x0000000008000694        0x2 Core/Src/stm32f1xx_it.o
                0x0000000008000694                NMI_Handler
 .text.HardFault_Handler
                0x0000000008000696        0x2 Core/Src/stm32f1xx_it.o
                0x0000000008000696                HardFault_Handler
 .text.MemManage_Handler
                0x0000000008000698        0x2 Core/Src/stm32f1xx_it.o
                0x0000000008000698                MemManage_Handler
 .text.BusFault_Handler
                0x000000000800069a        0x2 Core/Src/stm32f1xx_it.o
                0x000000000800069a                BusFault_Handler
 .text.UsageFault_Handler
                0x000000000800069c        0x2 Core/Src/stm32f1xx_it.o
                0x000000000800069c                UsageFault_Handler
 .text.SVC_Handler
                0x000000000800069e        0x2 Core/Src/stm32f1xx_it.o
                0x000000000800069e                SVC_Handler
 .text.DebugMon_Handler
                0x00000000080006a0        0x2 Core/Src/stm32f1xx_it.o
                0x00000000080006a0                DebugMon_Handler
 .text.PendSV_Handler
                0x00000000080006a2        0x2 Core/Src/stm32f1xx_it.o
                0x00000000080006a2                PendSV_Handler
 .text.SysTick_Handler
                0x00000000080006a4        0x4 Core/Src/stm32f1xx_it.o
                0x00000000080006a4                SysTick_Handler
 .text.TIM3_IRQHandler
                0x00000000080006a8        0xc Core/Src/stm32f1xx_it.o
                0x00000000080006a8                TIM3_IRQHandler
 .text.I2C1_EV_IRQHandler
                0x00000000080006b4        0xc Core/Src/stm32f1xx_it.o
                0x00000000080006b4                I2C1_EV_IRQHandler
 .text.USART1_IRQHandler
                0x00000000080006c0        0xc Core/Src/stm32f1xx_it.o
                0x00000000080006c0                USART1_IRQHandler
 .text.SystemInit
                0x00000000080006cc       0x4c Core/Src/system_stm32f1xx.o
                0x00000000080006cc                SystemInit
 .text.MX_TIM3_Init
                0x0000000008000718       0x68 Core/Src/tim.o
                0x0000000008000718                MX_TIM3_Init
 .text.HAL_TIM_Base_MspInit
                0x0000000008000780       0x40 Core/Src/tim.o
                0x0000000008000780                HAL_TIM_Base_MspInit
 .text.HAL_TIM_PeriodElapsedCallback
                0x00000000080007c0      0x1a0 Core/Src/tim.o
                0x00000000080007c0                HAL_TIM_PeriodElapsedCallback
 .text.MX_USART1_UART_Init
                0x0000000008000960       0x38 Core/Src/usart.o
                0x0000000008000960                MX_USART1_UART_Init
 .text.HAL_UART_MspInit
                0x0000000008000998       0x88 Core/Src/usart.o
                0x0000000008000998                HAL_UART_MspInit
 .text.HAL_UART_RxCpltCallback
                0x0000000008000a20       0xc8 Core/Src/usart.o
                0x0000000008000a20                HAL_UART_RxCpltCallback
 .text.Reset_Handler
                0x0000000008000ae8       0x48 Core/Startup/startup_stm32f103c8tx.o
                0x0000000008000ae8                Reset_Handler
 .text.Default_Handler
                0x0000000008000b30        0x2 Core/Startup/startup_stm32f103c8tx.o
                0x0000000008000b30                RTC_Alarm_IRQHandler
                0x0000000008000b30                EXTI2_IRQHandler
                0x0000000008000b30                TIM1_CC_IRQHandler
                0x0000000008000b30                PVD_IRQHandler
                0x0000000008000b30                EXTI3_IRQHandler
                0x0000000008000b30                EXTI0_IRQHandler
                0x0000000008000b30                I2C2_EV_IRQHandler
                0x0000000008000b30                ADC1_2_IRQHandler
                0x0000000008000b30                SPI1_IRQHandler
                0x0000000008000b30                TAMPER_IRQHandler
                0x0000000008000b30                DMA1_Channel4_IRQHandler
                0x0000000008000b30                USART3_IRQHandler
                0x0000000008000b30                RTC_IRQHandler
                0x0000000008000b30                DMA1_Channel7_IRQHandler
                0x0000000008000b30                CAN1_RX1_IRQHandler
                0x0000000008000b30                TIM4_IRQHandler
                0x0000000008000b30                DMA1_Channel6_IRQHandler
                0x0000000008000b30                RCC_IRQHandler
                0x0000000008000b30                TIM1_TRG_COM_IRQHandler
                0x0000000008000b30                DMA1_Channel1_IRQHandler
                0x0000000008000b30                Default_Handler
                0x0000000008000b30                EXTI15_10_IRQHandler
                0x0000000008000b30                EXTI9_5_IRQHandler
                0x0000000008000b30                SPI2_IRQHandler
                0x0000000008000b30                DMA1_Channel5_IRQHandler
                0x0000000008000b30                EXTI4_IRQHandler
                0x0000000008000b30                USB_LP_CAN1_RX0_IRQHandler
                0x0000000008000b30                USB_HP_CAN1_TX_IRQHandler
                0x0000000008000b30                DMA1_Channel3_IRQHandler
                0x0000000008000b30                TIM1_UP_IRQHandler
                0x0000000008000b30                WWDG_IRQHandler
                0x0000000008000b30                TIM2_IRQHandler
                0x0000000008000b30                TIM1_BRK_IRQHandler
                0x0000000008000b30                EXTI1_IRQHandler
                0x0000000008000b30                USART2_IRQHandler
                0x0000000008000b30                I2C2_ER_IRQHandler
                0x0000000008000b30                DMA1_Channel2_IRQHandler
                0x0000000008000b30                CAN1_SCE_IRQHandler
                0x0000000008000b30                FLASH_IRQHandler
                0x0000000008000b30                I2C1_ER_IRQHandler
                0x0000000008000b30                USBWakeUp_IRQHandler
 *fill*         0x0000000008000b32        0x2 
 .text.HAL_InitTick
                0x0000000008000b34       0x48 Drivers/STM32F1xx_HAL_Driver/Src/stm32f1xx_hal.o
                0x0000000008000b34                HAL_InitTick
 .text.HAL_Init
                0x0000000008000b7c       0x24 Drivers/STM32F1xx_HAL_Driver/Src/stm32f1xx_hal.o
                0x0000000008000b7c                HAL_Init
 .text.HAL_IncTick
                0x0000000008000ba0       0x18 Drivers/STM32F1xx_HAL_Driver/Src/stm32f1xx_hal.o
                0x0000000008000ba0                HAL_IncTick
 .text.HAL_GetTick
                0x0000000008000bb8        0xc Drivers/STM32F1xx_HAL_Driver/Src/stm32f1xx_hal.o
                0x0000000008000bb8                HAL_GetTick
 .text.HAL_ADC_PollForConversion
                0x0000000008000bc4      0x160 Drivers/STM32F1xx_HAL_Driver/Src/stm32f1xx_hal_adc.o
                0x0000000008000bc4                HAL_ADC_PollForConversion
 .text.HAL_ADC_GetValue
                0x0000000008000d24       0x2c Drivers/STM32F1xx_HAL_Driver/Src/stm32f1xx_hal_adc.o
                0x0000000008000d24                HAL_ADC_GetValue
 .text.HAL_ADC_ConfigChannel
                0x0000000008000d50      0x14c Drivers/STM32F1xx_HAL_Driver/Src/stm32f1xx_hal_adc.o
                0x0000000008000d50                HAL_ADC_ConfigChannel
 .text.ADC_Enable
                0x0000000008000e9c       0x70 Drivers/STM32F1xx_HAL_Driver/Src/stm32f1xx_hal_adc.o
                0x0000000008000e9c                ADC_Enable
 .text.HAL_ADC_Start
                0x0000000008000f0c       0xe4 Drivers/STM32F1xx_HAL_Driver/Src/stm32f1xx_hal_adc.o
                0x0000000008000f0c                HAL_ADC_Start
 .text.ADC_ConversionStop_Disable
                0x0000000008000ff0       0x44 Drivers/STM32F1xx_HAL_Driver/Src/stm32f1xx_hal_adc.o
                0x0000000008000ff0                ADC_ConversionStop_Disable
 .text.HAL_ADC_Init
                0x0000000008001034      0x1b8 Drivers/STM32F1xx_HAL_Driver/Src/stm32f1xx_hal_adc.o
                0x0000000008001034                HAL_ADC_Init
 .text.HAL_NVIC_SetPriorityGrouping
                0x00000000080011ec       0x3c Drivers/STM32F1xx_HAL_Driver/Src/stm32f1xx_hal_cortex.o
                0x00000000080011ec                HAL_NVIC_SetPriorityGrouping
 .text.HAL_NVIC_SetPriority
                0x0000000008001228       0x88 Drivers/STM32F1xx_HAL_Driver/Src/stm32f1xx_hal_cortex.o
                0x0000000008001228                HAL_NVIC_SetPriority
 .text.HAL_NVIC_EnableIRQ
                0x00000000080012b0       0x28 Drivers/STM32F1xx_HAL_Driver/Src/stm32f1xx_hal_cortex.o
                0x00000000080012b0                HAL_NVIC_EnableIRQ
 .text.HAL_SYSTICK_Config
                0x00000000080012d8       0x2c Drivers/STM32F1xx_HAL_Driver/Src/stm32f1xx_hal_cortex.o
                0x00000000080012d8                HAL_SYSTICK_Config
 .text.HAL_DMA_Abort_IT
                0x0000000008001304       0x90 Drivers/STM32F1xx_HAL_Driver/Src/stm32f1xx_hal_dma.o
                0x0000000008001304                HAL_DMA_Abort_IT
 .text.HAL_DMA_GetState
                0x0000000008001394        0x6 Drivers/STM32F1xx_HAL_Driver/Src/stm32f1xx_hal_dma.o
                0x0000000008001394                HAL_DMA_GetState
 *fill*         0x000000000800139a        0x2 
 .text.HAL_GPIO_Init
                0x000000000800139c      0x2d4 Drivers/STM32F1xx_HAL_Driver/Src/stm32f1xx_hal_gpio.o
                0x000000000800139c                HAL_GPIO_Init
 .text.HAL_GPIO_ReadPin
                0x0000000008001670       0x24 Drivers/STM32F1xx_HAL_Driver/Src/stm32f1xx_hal_gpio.o
                0x0000000008001670                HAL_GPIO_ReadPin
 .text.HAL_GPIO_WritePin
                0x0000000008001694       0x34 Drivers/STM32F1xx_HAL_Driver/Src/stm32f1xx_hal_gpio.o
                0x0000000008001694                HAL_GPIO_WritePin
 .text.HAL_GPIO_TogglePin
                0x00000000080016c8       0x24 Drivers/STM32F1xx_HAL_Driver/Src/stm32f1xx_hal_gpio.o
                0x00000000080016c8                HAL_GPIO_TogglePin
 .text.HAL_I2C_Init
                0x00000000080016ec      0x208 Drivers/STM32F1xx_HAL_Driver/Src/stm32f1xx_hal_i2c.o
                0x00000000080016ec                HAL_I2C_Init
 .text.HAL_I2C_Master_Transmit_IT
                0x00000000080018f4       0xb8 Drivers/STM32F1xx_HAL_Driver/Src/stm32f1xx_hal_i2c.o
                0x00000000080018f4                HAL_I2C_Master_Transmit_IT
 .text.HAL_I2C_MasterTxCpltCallback
                0x00000000080019ac        0x2 Drivers/STM32F1xx_HAL_Driver/Src/stm32f1xx_hal_i2c.o
                0x00000000080019ac                HAL_I2C_MasterTxCpltCallback
 .text.HAL_I2C_MasterRxCpltCallback
                0x00000000080019ae        0x2 Drivers/STM32F1xx_HAL_Driver/Src/stm32f1xx_hal_i2c.o
                0x00000000080019ae                HAL_I2C_MasterRxCpltCallback
 .text.HAL_I2C_SlaveTxCpltCallback
                0x00000000080019b0        0x2 Drivers/STM32F1xx_HAL_Driver/Src/stm32f1xx_hal_i2c.o
                0x00000000080019b0                HAL_I2C_SlaveTxCpltCallback
 .text.HAL_I2C_SlaveRxCpltCallback
                0x00000000080019b2        0x2 Drivers/STM32F1xx_HAL_Driver/Src/stm32f1xx_hal_i2c.o
                0x00000000080019b2                HAL_I2C_SlaveRxCpltCallback
 .text.HAL_I2C_AddrCallback
                0x00000000080019b4        0x2 Drivers/STM32F1xx_HAL_Driver/Src/stm32f1xx_hal_i2c.o
                0x00000000080019b4                HAL_I2C_AddrCallback
 .text.HAL_I2C_ListenCpltCallback
                0x00000000080019b6        0x2 Drivers/STM32F1xx_HAL_Driver/Src/stm32f1xx_hal_i2c.o
                0x00000000080019b6                HAL_I2C_ListenCpltCallback
 .text.HAL_I2C_MemTxCpltCallback
                0x00000000080019b8        0x2 Drivers/STM32F1xx_HAL_Driver/Src/stm32f1xx_hal_i2c.o
                0x00000000080019b8                HAL_I2C_MemTxCpltCallback
 .text.HAL_I2C_MemRxCpltCallback
                0x00000000080019ba        0x2 Drivers/STM32F1xx_HAL_Driver/Src/stm32f1xx_hal_i2c.o
                0x00000000080019ba                HAL_I2C_MemRxCpltCallback
 .text.HAL_I2C_ErrorCallback
                0x00000000080019bc        0x2 Drivers/STM32F1xx_HAL_Driver/Src/stm32f1xx_hal_i2c.o
                0x00000000080019bc                HAL_I2C_ErrorCallback
 .text.HAL_I2C_AbortCpltCallback
                0x00000000080019be        0x2 Drivers/STM32F1xx_HAL_Driver/Src/stm32f1xx_hal_i2c.o
                0x00000000080019be                HAL_I2C_AbortCpltCallback
 .text.I2C_DMAAbort
                0x00000000080019c0       0x76 Drivers/STM32F1xx_HAL_Driver/Src/stm32f1xx_hal_i2c.o
 *fill*         0x0000000008001a36        0x2 
 .text.I2C_ITError
                0x0000000008001a38      0x144 Drivers/STM32F1xx_HAL_Driver/Src/stm32f1xx_hal_i2c.o
 .text.HAL_I2C_EV_IRQHandler
                0x0000000008001b7c      0x850 Drivers/STM32F1xx_HAL_Driver/Src/stm32f1xx_hal_i2c.o
                0x0000000008001b7c                HAL_I2C_EV_IRQHandler
 .text.HAL_RCC_OscConfig
                0x00000000080023cc      0x41c Drivers/STM32F1xx_HAL_Driver/Src/stm32f1xx_hal_rcc.o
                0x00000000080023cc                HAL_RCC_OscConfig
 .text.HAL_RCC_GetSysClockFreq
                0x00000000080027e8       0x74 Drivers/STM32F1xx_HAL_Driver/Src/stm32f1xx_hal_rcc.o
                0x00000000080027e8                HAL_RCC_GetSysClockFreq
 .text.HAL_RCC_ClockConfig
                0x000000000800285c      0x1e8 Drivers/STM32F1xx_HAL_Driver/Src/stm32f1xx_hal_rcc.o
                0x000000000800285c                HAL_RCC_ClockConfig
 .text.HAL_RCC_GetPCLK1Freq
                0x0000000008002a44       0x20 Drivers/STM32F1xx_HAL_Driver/Src/stm32f1xx_hal_rcc.o
                0x0000000008002a44                HAL_RCC_GetPCLK1Freq
 .text.HAL_RCC_GetPCLK2Freq
                0x0000000008002a64       0x20 Drivers/STM32F1xx_HAL_Driver/Src/stm32f1xx_hal_rcc.o
                0x0000000008002a64                HAL_RCC_GetPCLK2Freq
 .text.HAL_RCCEx_PeriphCLKConfig
                0x0000000008002a84      0x138 Drivers/STM32F1xx_HAL_Driver/Src/stm32f1xx_hal_rcc_ex.o
                0x0000000008002a84                HAL_RCCEx_PeriphCLKConfig
 .text.HAL_RCCEx_GetPeriphCLKFreq
                0x0000000008002bbc       0xfc Drivers/STM32F1xx_HAL_Driver/Src/stm32f1xx_hal_rcc_ex.o
                0x0000000008002bbc                HAL_RCCEx_GetPeriphCLKFreq
 .text.HAL_TIM_Base_Start_IT
                0x0000000008002cb8       0x54 Drivers/STM32F1xx_HAL_Driver/Src/stm32f1xx_hal_tim.o
                0x0000000008002cb8                HAL_TIM_Base_Start_IT
 .text.HAL_TIM_OC_DelayElapsedCallback
                0x0000000008002d0c        0x2 Drivers/STM32F1xx_HAL_Driver/Src/stm32f1xx_hal_tim.o
                0x0000000008002d0c                HAL_TIM_OC_DelayElapsedCallback
 .text.HAL_TIM_IC_CaptureCallback
                0x0000000008002d0e        0x2 Drivers/STM32F1xx_HAL_Driver/Src/stm32f1xx_hal_tim.o
                0x0000000008002d0e                HAL_TIM_IC_CaptureCallback
 .text.HAL_TIM_PWM_PulseFinishedCallback
                0x0000000008002d10        0x2 Drivers/STM32F1xx_HAL_Driver/Src/stm32f1xx_hal_tim.o
                0x0000000008002d10                HAL_TIM_PWM_PulseFinishedCallback
 .text.HAL_TIM_TriggerCallback
                0x0000000008002d12        0x2 Drivers/STM32F1xx_HAL_Driver/Src/stm32f1xx_hal_tim.o
                0x0000000008002d12                HAL_TIM_TriggerCallback
 .text.HAL_TIM_IRQHandler
                0x0000000008002d14      0x144 Drivers/STM32F1xx_HAL_Driver/Src/stm32f1xx_hal_tim.o
                0x0000000008002d14                HAL_TIM_IRQHandler
 .text.TIM_Base_SetConfig
                0x0000000008002e58       0x70 Drivers/STM32F1xx_HAL_Driver/Src/stm32f1xx_hal_tim.o
                0x0000000008002e58                TIM_Base_SetConfig
 .text.HAL_TIM_Base_Init
                0x0000000008002ec8       0xb0 Drivers/STM32F1xx_HAL_Driver/Src/stm32f1xx_hal_tim.o
                0x0000000008002ec8                HAL_TIM_Base_Init
 .text.TIM_ETR_SetConfig
                0x0000000008002f78       0x14 Drivers/STM32F1xx_HAL_Driver/Src/stm32f1xx_hal_tim.o
                0x0000000008002f78                TIM_ETR_SetConfig
 .text.HAL_TIM_ConfigClockSource
                0x0000000008002f8c      0x390 Drivers/STM32F1xx_HAL_Driver/Src/stm32f1xx_hal_tim.o
                0x0000000008002f8c                HAL_TIM_ConfigClockSource
 .text.HAL_TIMEx_MasterConfigSynchronization
                0x000000000800331c       0x94 Drivers/STM32F1xx_HAL_Driver/Src/stm32f1xx_hal_tim_ex.o
                0x000000000800331c                HAL_TIMEx_MasterConfigSynchronization
 .text.HAL_TIMEx_CommutCallback
                0x00000000080033b0        0x2 Drivers/STM32F1xx_HAL_Driver/Src/stm32f1xx_hal_tim_ex.o
                0x00000000080033b0                HAL_TIMEx_CommutCallback
 .text.HAL_TIMEx_BreakCallback
                0x00000000080033b2        0x2 Drivers/STM32F1xx_HAL_Driver/Src/stm32f1xx_hal_tim_ex.o
                0x00000000080033b2                HAL_TIMEx_BreakCallback
 .text.UART_EndRxTransfer
                0x00000000080033b4       0x1a Drivers/STM32F1xx_HAL_Driver/Src/stm32f1xx_hal_uart.o
 *fill*         0x00000000080033ce        0x2 
 .text.UART_SetConfig
                0x00000000080033d0       0xcc Drivers/STM32F1xx_HAL_Driver/Src/stm32f1xx_hal_uart.o
 .text.HAL_UART_Init
                0x000000000800349c       0xd0 Drivers/STM32F1xx_HAL_Driver/Src/stm32f1xx_hal_uart.o
                0x000000000800349c                HAL_UART_Init
 .text.HAL_UART_Transmit_IT
                0x000000000800356c       0x3e Drivers/STM32F1xx_HAL_Driver/Src/stm32f1xx_hal_uart.o
                0x000000000800356c                HAL_UART_Transmit_IT
 .text.HAL_UART_Receive_IT
                0x00000000080035aa       0x4e Drivers/STM32F1xx_HAL_Driver/Src/stm32f1xx_hal_uart.o
                0x00000000080035aa                HAL_UART_Receive_IT
 .text.HAL_UART_TxCpltCallback
                0x00000000080035f8        0x2 Drivers/STM32F1xx_HAL_Driver/Src/stm32f1xx_hal_uart.o
                0x00000000080035f8                HAL_UART_TxCpltCallback
 .text.UART_Receive_IT
                0x00000000080035fa       0x76 Drivers/STM32F1xx_HAL_Driver/Src/stm32f1xx_hal_uart.o
 .text.HAL_UART_ErrorCallback
                0x0000000008003670        0x2 Drivers/STM32F1xx_HAL_Driver/Src/stm32f1xx_hal_uart.o
                0x0000000008003670                HAL_UART_ErrorCallback
 *fill*         0x0000000008003672        0x2 
 .text.HAL_UART_IRQHandler
                0x0000000008003674      0x140 Drivers/STM32F1xx_HAL_Driver/Src/stm32f1xx_hal_uart.o
                0x0000000008003674                HAL_UART_IRQHandler
 .text.UART_DMAAbortOnError
                0x00000000080037b4       0x10 Drivers/STM32F1xx_HAL_Driver/Src/stm32f1xx_hal_uart.o
 .text.__libc_init_array
                0x00000000080037c4       0x48 /home/gonzalo/CubeIdeST/plugins/com.st.stm32cube.ide.mcu.externaltools.gnu-tools-for-stm32.7-2018-q2-update.linux64_1.0.0.201904181610/tools/bin/../lib/gcc/arm-none-eabi/7.3.1/../../../../arm-none-eabi/lib/thumb/v7-m/libc_nano.a(lib_a-init.o)
                0x00000000080037c4                __libc_init_array
 .text.memset   0x000000000800380c       0x10 /home/gonzalo/CubeIdeST/plugins/com.st.stm32cube.ide.mcu.externaltools.gnu-tools-for-stm32.7-2018-q2-update.linux64_1.0.0.201904181610/tools/bin/../lib/gcc/arm-none-eabi/7.3.1/../../../../arm-none-eabi/lib/thumb/v7-m/libc_nano.a(lib_a-memset.o)
                0x000000000800380c                memset
 *(.glue_7)
 .glue_7        0x000000000800381c        0x0 linker stubs
 *(.glue_7t)
 .glue_7t       0x000000000800381c        0x0 linker stubs
 *(.eh_frame)
 .eh_frame      0x000000000800381c        0x0 /home/gonzalo/CubeIdeST/plugins/com.st.stm32cube.ide.mcu.externaltools.gnu-tools-for-stm32.7-2018-q2-update.linux64_1.0.0.201904181610/tools/bin/../lib/gcc/arm-none-eabi/7.3.1/thumb/v7-m/crtbegin.o
 *(.init)
 .init          0x000000000800381c        0x4 /home/gonzalo/CubeIdeST/plugins/com.st.stm32cube.ide.mcu.externaltools.gnu-tools-for-stm32.7-2018-q2-update.linux64_1.0.0.201904181610/tools/bin/../lib/gcc/arm-none-eabi/7.3.1/thumb/v7-m/crti.o
                0x000000000800381c                _init
 .init          0x0000000008003820        0x8 /home/gonzalo/CubeIdeST/plugins/com.st.stm32cube.ide.mcu.externaltools.gnu-tools-for-stm32.7-2018-q2-update.linux64_1.0.0.201904181610/tools/bin/../lib/gcc/arm-none-eabi/7.3.1/thumb/v7-m/crtn.o
 *(.fini)
 .fini          0x0000000008003828        0x4 /home/gonzalo/CubeIdeST/plugins/com.st.stm32cube.ide.mcu.externaltools.gnu-tools-for-stm32.7-2018-q2-update.linux64_1.0.0.201904181610/tools/bin/../lib/gcc/arm-none-eabi/7.3.1/thumb/v7-m/crti.o
                0x0000000008003828                _fini
 .fini          0x000000000800382c        0x8 /home/gonzalo/CubeIdeST/plugins/com.st.stm32cube.ide.mcu.externaltools.gnu-tools-for-stm32.7-2018-q2-update.linux64_1.0.0.201904181610/tools/bin/../lib/gcc/arm-none-eabi/7.3.1/thumb/v7-m/crtn.o
                0x0000000008003834                . = ALIGN (0x4)
                0x0000000008003834                _etext = .

.vfp11_veneer   0x0000000008003834        0x0
 .vfp11_veneer  0x0000000008003834        0x0 linker stubs

.v4_bx          0x0000000008003834        0x0
 .v4_bx         0x0000000008003834        0x0 linker stubs

.iplt           0x0000000008003834        0x0
 .iplt          0x0000000008003834        0x0 /home/gonzalo/CubeIdeST/plugins/com.st.stm32cube.ide.mcu.externaltools.gnu-tools-for-stm32.7-2018-q2-update.linux64_1.0.0.201904181610/tools/bin/../lib/gcc/arm-none-eabi/7.3.1/thumb/v7-m/crtbegin.o

.rodata         0x0000000008003834      0x23c
                0x0000000008003834                . = ALIGN (0x4)
 *(.rodata)
 .rodata        0x0000000008003834       0x10 Drivers/STM32F1xx_HAL_Driver/Src/stm32f1xx_hal_rcc.o
 .rodata        0x0000000008003844       0x10 Drivers/STM32F1xx_HAL_Driver/Src/stm32f1xx_hal_rcc_ex.o
 *(.rodata*)
 .rodata.AHBPrescTable
                0x0000000008003854       0x10 Core/Src/system_stm32f1xx.o
                0x0000000008003854                AHBPrescTable
 .rodata.APBPrescTable
                0x0000000008003864        0x8 Core/Src/system_stm32f1xx.o
                0x0000000008003864                APBPrescTable
 .rodata.HAL_ADC_PollForConversion.str1.1
                0x000000000800386c       0x38 Drivers/STM32F1xx_HAL_Driver/Src/stm32f1xx_hal_adc.o
 .rodata.HAL_NVIC_SetPriorityGrouping.str1.1
                0x00000000080038a4       0x3b Drivers/STM32F1xx_HAL_Driver/Src/stm32f1xx_hal_cortex.o
 .rodata.HAL_GPIO_Init.str1.1
                0x00000000080038df       0x39 Drivers/STM32F1xx_HAL_Driver/Src/stm32f1xx_hal_gpio.o
 .rodata.HAL_I2C_Init.str1.1
                0x0000000008003918       0x38 Drivers/STM32F1xx_HAL_Driver/Src/stm32f1xx_hal_i2c.o
 .rodata.HAL_RCC_OscConfig.str1.1
                0x0000000008003950       0x38 Drivers/STM32F1xx_HAL_Driver/Src/stm32f1xx_hal_rcc.o
 .rodata.HAL_RCCEx_PeriphCLKConfig.str1.1
                0x0000000008003988       0x3b Drivers/STM32F1xx_HAL_Driver/Src/stm32f1xx_hal_rcc_ex.o
 .rodata.TIM_OC1_SetConfig.str1.1
                0x00000000080039c3       0x38 Drivers/STM32F1xx_HAL_Driver/Src/stm32f1xx_hal_tim.o
 .rodata.HAL_TIMEx_HallSensor_Init.str1.1
                0x00000000080039fb       0x3b Drivers/STM32F1xx_HAL_Driver/Src/stm32f1xx_hal_tim_ex.o
 .rodata.UART_SetConfig.str1.1
                0x0000000008003a36       0x39 Drivers/STM32F1xx_HAL_Driver/Src/stm32f1xx_hal_uart.o
                0x0000000008003a70                . = ALIGN (0x4)
 *fill*         0x0000000008003a6f        0x1 

.rel.dyn        0x0000000008003a70        0x0
 .rel.iplt      0x0000000008003a70        0x0 /home/gonzalo/CubeIdeST/plugins/com.st.stm32cube.ide.mcu.externaltools.gnu-tools-for-stm32.7-2018-q2-update.linux64_1.0.0.201904181610/tools/bin/../lib/gcc/arm-none-eabi/7.3.1/thumb/v7-m/crtbegin.o

.ARM.extab      0x0000000008003a70        0x0
                0x0000000008003a70                . = ALIGN (0x4)
 *(.ARM.extab* .gnu.linkonce.armextab.*)
                0x0000000008003a70                . = ALIGN (0x4)

.ARM            0x0000000008003a70        0x0
                0x0000000008003a70                . = ALIGN (0x4)
                0x0000000008003a70                __exidx_start = .
 *(.ARM.exidx*)
                0x0000000008003a70                __exidx_end = .
                0x0000000008003a70                . = ALIGN (0x4)

.preinit_array  0x0000000008003a70        0x0
                0x0000000008003a70                . = ALIGN (0x4)
                0x0000000008003a70                PROVIDE (__preinit_array_start = .)
 *(.preinit_array*)
                0x0000000008003a70                PROVIDE (__preinit_array_end = .)
                0x0000000008003a70                . = ALIGN (0x4)

.init_array     0x0000000008003a70        0x4
                0x0000000008003a70                . = ALIGN (0x4)
                0x0000000008003a70                PROVIDE (__init_array_start = .)
 *(SORT_BY_NAME(.init_array.*))
 *(.init_array*)
 .init_array    0x0000000008003a70        0x4 /home/gonzalo/CubeIdeST/plugins/com.st.stm32cube.ide.mcu.externaltools.gnu-tools-for-stm32.7-2018-q2-update.linux64_1.0.0.201904181610/tools/bin/../lib/gcc/arm-none-eabi/7.3.1/thumb/v7-m/crtbegin.o
                0x0000000008003a74                PROVIDE (__init_array_end = .)
                0x0000000008003a74                . = ALIGN (0x4)

.fini_array     0x0000000008003a74        0x4
                0x0000000008003a74                . = ALIGN (0x4)
                [!provide]                        PROVIDE (__fini_array_start = .)
 *(SORT_BY_NAME(.fini_array.*))
 *(.fini_array*)
 .fini_array    0x0000000008003a74        0x4 /home/gonzalo/CubeIdeST/plugins/com.st.stm32cube.ide.mcu.externaltools.gnu-tools-for-stm32.7-2018-q2-update.linux64_1.0.0.201904181610/tools/bin/../lib/gcc/arm-none-eabi/7.3.1/thumb/v7-m/crtbegin.o
                [!provide]                        PROVIDE (__fini_array_end = .)
                0x0000000008003a78                . = ALIGN (0x4)
                0x0000000008003a78                _sidata = LOADADDR (.data)

.data           0x0000000020000000       0x10 load address 0x0000000008003a78
                0x0000000020000000                . = ALIGN (0x4)
                0x0000000020000000                _sdata = .
 *(.data)
 *(.data*)
 .data.mcpAddress
                0x0000000020000000        0x2 Core/Src/PuertosData.o
                0x0000000020000000                mcpAddress
 *fill*         0x0000000020000002        0x2 
 .data.SystemCoreClock
                0x0000000020000004        0x4 Core/Src/system_stm32f1xx.o
                0x0000000020000004                SystemCoreClock
 .data.uwTickFreq
                0x0000000020000008        0x1 Drivers/STM32F1xx_HAL_Driver/Src/stm32f1xx_hal.o
                0x0000000020000008                uwTickFreq
 *fill*         0x0000000020000009        0x3 
 .data.uwTickPrio
                0x000000002000000c        0x4 Drivers/STM32F1xx_HAL_Driver/Src/stm32f1xx_hal.o
                0x000000002000000c                uwTickPrio
                0x0000000020000010                . = ALIGN (0x4)
                0x0000000020000010                _edata = .

.igot.plt       0x0000000020000010        0x0 load address 0x0000000008003a88
 .igot.plt      0x0000000020000010        0x0 /home/gonzalo/CubeIdeST/plugins/com.st.stm32cube.ide.mcu.externaltools.gnu-tools-for-stm32.7-2018-q2-update.linux64_1.0.0.201904181610/tools/bin/../lib/gcc/arm-none-eabi/7.3.1/thumb/v7-m/crtbegin.o
                0x0000000020000010                . = ALIGN (0x4)

.bss            0x0000000020000010      0x19c load address 0x0000000008003a88
                0x0000000020000010                _sbss = .
                0x0000000020000010                __bss_start__ = _sbss
 *(.bss)
 .bss           0x0000000020000010       0x1c /home/gonzalo/CubeIdeST/plugins/com.st.stm32cube.ide.mcu.externaltools.gnu-tools-for-stm32.7-2018-q2-update.linux64_1.0.0.201904181610/tools/bin/../lib/gcc/arm-none-eabi/7.3.1/thumb/v7-m/crtbegin.o
 *(.bss*)
 .bss.buffLast  0x000000002000002c        0x1 Core/Src/PuertosData.o
                0x000000002000002c                buffLast
 .bss.dataFlag  0x000000002000002d        0x1 Core/Src/PuertosData.o
                0x000000002000002d                dataFlag
 .bss.receiveIndex
                0x000000002000002e        0x1 Core/Src/PuertosData.o
                0x000000002000002e                receiveIndex
 *(COMMON)
 *fill*         0x000000002000002f        0x1 
 COMMON         0x0000000020000030       0x44 Core/Src/PuertosData.o
                0x0000000020000030                bufferADC1
                0x0000000020000040                bufferUARTin
                0x0000000020000043                packedDataIndex
                0x0000000020000044                ModIn0Counter
                0x0000000020000045                outData
                0x0000000020000046                bufferUARTout
                0x000000002000004a                inData
                0x000000002000004c                sumADC2
                0x0000000020000050                moduleAddr
                0x0000000020000051                samp
                0x0000000020000052                ModIn1Counter
                0x0000000020000053                ModIn2Counter
                0x0000000020000054                bufferADC2
                0x0000000020000064                DACData
                0x0000000020000066                packedDataOut
                0x0000000020000070                sumADC1
 COMMON         0x0000000020000074       0x60 Core/Src/adc.o
                0x0000000020000074                hadc2
                0x00000000200000a4                hadc1
 COMMON         0x00000000200000d4       0x54 Core/Src/i2c.o
                0x00000000200000d4                hi2c1
 COMMON         0x0000000020000128       0x40 Core/Src/tim.o
                0x0000000020000128                htim3
 COMMON         0x0000000020000168       0x40 Core/Src/usart.o
                0x0000000020000168                huart1
 COMMON         0x00000000200001a8        0x4 Drivers/STM32F1xx_HAL_Driver/Src/stm32f1xx_hal.o
                0x00000000200001a8                uwTick
                0x00000000200001ac                . = ALIGN (0x4)
                0x00000000200001ac                _ebss = .
                0x00000000200001ac                __bss_end__ = _ebss

._user_heap_stack
                0x00000000200001ac      0x604 load address 0x0000000008003a88
                0x00000000200001b0                . = ALIGN (0x8)
 *fill*         0x00000000200001ac        0x4 
                0x00000000200001b0                PROVIDE (end = .)
                [!provide]                        PROVIDE (_end = .)
                0x00000000200003b0                . = (. + _Min_Heap_Size)
 *fill*         0x00000000200001b0      0x200 
                0x00000000200007b0                . = (. + _Min_Stack_Size)
 *fill*         0x00000000200003b0      0x400 
                0x00000000200007b0                . = ALIGN (0x8)

/DISCARD/
 libc.a(*)
 libm.a(*)
 libgcc.a(*)

.ARM.attributes
                0x0000000000000000       0x29
 *(.ARM.attributes)
 .ARM.attributes
                0x0000000000000000       0x1d /home/gonzalo/CubeIdeST/plugins/com.st.stm32cube.ide.mcu.externaltools.gnu-tools-for-stm32.7-2018-q2-update.linux64_1.0.0.201904181610/tools/bin/../lib/gcc/arm-none-eabi/7.3.1/thumb/v7-m/crti.o
 .ARM.attributes
                0x000000000000001d       0x2d /home/gonzalo/CubeIdeST/plugins/com.st.stm32cube.ide.mcu.externaltools.gnu-tools-for-stm32.7-2018-q2-update.linux64_1.0.0.201904181610/tools/bin/../lib/gcc/arm-none-eabi/7.3.1/thumb/v7-m/crtbegin.o
 .ARM.attributes
                0x000000000000004a       0x33 Core/Src/PuertosData.o
 .ARM.attributes
                0x000000000000007d       0x33 Core/Src/adc.o
 .ARM.attributes
                0x00000000000000b0       0x33 Core/Src/gpio.o
 .ARM.attributes
                0x00000000000000e3       0x33 Core/Src/i2c.o
 .ARM.attributes
                0x0000000000000116       0x33 Core/Src/main.o
 .ARM.attributes
                0x0000000000000149       0x33 Core/Src/stm32f1xx_hal_msp.o
 .ARM.attributes
                0x000000000000017c       0x33 Core/Src/stm32f1xx_it.o
 .ARM.attributes
                0x00000000000001af       0x33 Core/Src/system_stm32f1xx.o
 .ARM.attributes
                0x00000000000001e2       0x33 Core/Src/tim.o
 .ARM.attributes
                0x0000000000000215       0x33 Core/Src/usart.o
 .ARM.attributes
                0x0000000000000248       0x21 Core/Startup/startup_stm32f103c8tx.o
 .ARM.attributes
                0x0000000000000269       0x33 Drivers/STM32F1xx_HAL_Driver/Src/stm32f1xx_hal.o
 .ARM.attributes
                0x000000000000029c       0x33 Drivers/STM32F1xx_HAL_Driver/Src/stm32f1xx_hal_adc.o
 .ARM.attributes
                0x00000000000002cf       0x33 Drivers/STM32F1xx_HAL_Driver/Src/stm32f1xx_hal_cortex.o
 .ARM.attributes
                0x0000000000000302       0x33 Drivers/STM32F1xx_HAL_Driver/Src/stm32f1xx_hal_dma.o
 .ARM.attributes
                0x0000000000000335       0x33 Drivers/STM32F1xx_HAL_Driver/Src/stm32f1xx_hal_gpio.o
 .ARM.attributes
                0x0000000000000368       0x33 Drivers/STM32F1xx_HAL_Driver/Src/stm32f1xx_hal_i2c.o
 .ARM.attributes
                0x000000000000039b       0x33 Drivers/STM32F1xx_HAL_Driver/Src/stm32f1xx_hal_rcc.o
 .ARM.attributes
                0x00000000000003ce       0x33 Drivers/STM32F1xx_HAL_Driver/Src/stm32f1xx_hal_rcc_ex.o
 .ARM.attributes
                0x0000000000000401       0x33 Drivers/STM32F1xx_HAL_Driver/Src/stm32f1xx_hal_tim.o
 .ARM.attributes
                0x0000000000000434       0x33 Drivers/STM32F1xx_HAL_Driver/Src/stm32f1xx_hal_tim_ex.o
 .ARM.attributes
                0x0000000000000467       0x33 Drivers/STM32F1xx_HAL_Driver/Src/stm32f1xx_hal_uart.o
 .ARM.attributes
                0x000000000000049a       0x2d /home/gonzalo/CubeIdeST/plugins/com.st.stm32cube.ide.mcu.externaltools.gnu-tools-for-stm32.7-2018-q2-update.linux64_1.0.0.201904181610/tools/bin/../lib/gcc/arm-none-eabi/7.3.1/../../../../arm-none-eabi/lib/thumb/v7-m/libc_nano.a(lib_a-init.o)
 .ARM.attributes
                0x00000000000004c7       0x2d /home/gonzalo/CubeIdeST/plugins/com.st.stm32cube.ide.mcu.externaltools.gnu-tools-for-stm32.7-2018-q2-update.linux64_1.0.0.201904181610/tools/bin/../lib/gcc/arm-none-eabi/7.3.1/../../../../arm-none-eabi/lib/thumb/v7-m/libc_nano.a(lib_a-memset.o)
 .ARM.attributes
                0x00000000000004f4       0x1d /home/gonzalo/CubeIdeST/plugins/com.st.stm32cube.ide.mcu.externaltools.gnu-tools-for-stm32.7-2018-q2-update.linux64_1.0.0.201904181610/tools/bin/../lib/gcc/arm-none-eabi/7.3.1/thumb/v7-m/crtn.o
OUTPUT(Puertos.elf elf32-littlearm)

.comment        0x0000000000000000       0x7b
 .comment       0x0000000000000000       0x7b Core/Src/PuertosData.o
                                         0x7c (size before relaxing)
 .comment       0x000000000000007b       0x7c Core/Src/adc.o
 .comment       0x000000000000007b       0x7c Core/Src/gpio.o
 .comment       0x000000000000007b       0x7c Core/Src/i2c.o
 .comment       0x000000000000007b       0x7c Core/Src/main.o
 .comment       0x000000000000007b       0x7c Core/Src/stm32f1xx_hal_msp.o
 .comment       0x000000000000007b       0x7c Core/Src/stm32f1xx_it.o
 .comment       0x000000000000007b       0x7c Core/Src/system_stm32f1xx.o
 .comment       0x000000000000007b       0x7c Core/Src/tim.o
 .comment       0x000000000000007b       0x7c Core/Src/usart.o
 .comment       0x000000000000007b       0x7c Drivers/STM32F1xx_HAL_Driver/Src/stm32f1xx_hal.o
 .comment       0x000000000000007b       0x7c Drivers/STM32F1xx_HAL_Driver/Src/stm32f1xx_hal_adc.o
 .comment       0x000000000000007b       0x7c Drivers/STM32F1xx_HAL_Driver/Src/stm32f1xx_hal_cortex.o
 .comment       0x000000000000007b       0x7c Drivers/STM32F1xx_HAL_Driver/Src/stm32f1xx_hal_dma.o
 .comment       0x000000000000007b       0x7c Drivers/STM32F1xx_HAL_Driver/Src/stm32f1xx_hal_gpio.o
 .comment       0x000000000000007b       0x7c Drivers/STM32F1xx_HAL_Driver/Src/stm32f1xx_hal_i2c.o
 .comment       0x000000000000007b       0x7c Drivers/STM32F1xx_HAL_Driver/Src/stm32f1xx_hal_rcc.o
 .comment       0x000000000000007b       0x7c Drivers/STM32F1xx_HAL_Driver/Src/stm32f1xx_hal_rcc_ex.o
 .comment       0x000000000000007b       0x7c Drivers/STM32F1xx_HAL_Driver/Src/stm32f1xx_hal_tim.o
 .comment       0x000000000000007b       0x7c Drivers/STM32F1xx_HAL_Driver/Src/stm32f1xx_hal_tim_ex.o
 .comment       0x000000000000007b       0x7c Drivers/STM32F1xx_HAL_Driver/Src/stm32f1xx_hal_uart.o

.debug_frame    0x0000000000000000       0x4c
 .debug_frame   0x0000000000000000       0x2c /home/gonzalo/CubeIdeST/plugins/com.st.stm32cube.ide.mcu.externaltools.gnu-tools-for-stm32.7-2018-q2-update.linux64_1.0.0.201904181610/tools/bin/../lib/gcc/arm-none-eabi/7.3.1/../../../../arm-none-eabi/lib/thumb/v7-m/libc_nano.a(lib_a-init.o)
 .debug_frame   0x000000000000002c       0x20 /home/gonzalo/CubeIdeST/plugins/com.st.stm32cube.ide.mcu.externaltools.gnu-tools-for-stm32.7-2018-q2-update.linux64_1.0.0.201904181610/tools/bin/../lib/gcc/arm-none-eabi/7.3.1/../../../../arm-none-eabi/lib/thumb/v7-m/libc_nano.a(lib_a-memset.o)
